Archive member included to satisfy reference by file (symbol)

c:/my work software/s32ds/build_tools/gcc_v6.3/gcc-6.3-arm32-eabi/bin/../lib/gcc/arm-none-eabi/6.3.1/thumb/v7e-m/fpv4-sp/hard\libgcc.a(_arm_addsubdf3.o)
                              ./Sources/oled.o (__aeabi_f2d)
c:/my work software/s32ds/build_tools/gcc_v6.3/gcc-6.3-arm32-eabi/bin/../lib/gcc/arm-none-eabi/6.3.1/thumb/v7e-m/fpv4-sp/hard\libgcc.a(_arm_cmpdf2.o)
                              ./Sources/oled.o (__aeabi_dcmpge)
C:/My Work Software/S32DS/build_tools/gcc_v6.3/gcc-6.3-arm32-eabi/arm-none-eabi/newlib/lib/thumb/v7e-m/fpv4-sp/hard\libc_nano.a(lib_a-exit.o)
                              C:/My Work Software/S32DS/build_tools/gcc_v6.3/gcc-6.3-arm32-eabi/arm-none-eabi/newlib/lib/thumb/v7e-m/fpv4-sp/hard/crt0.o (exit)
C:/My Work Software/S32DS/build_tools/gcc_v6.3/gcc-6.3-arm32-eabi/arm-none-eabi/newlib/lib/thumb/v7e-m/fpv4-sp/hard\libc_nano.a(lib_a-impure.o)
                              C:/My Work Software/S32DS/build_tools/gcc_v6.3/gcc-6.3-arm32-eabi/arm-none-eabi/newlib/lib/thumb/v7e-m/fpv4-sp/hard\libc_nano.a(lib_a-exit.o) (_global_impure_ptr)
C:/My Work Software/S32DS/build_tools/gcc_v6.3/gcc-6.3-arm32-eabi/arm-none-eabi/newlib/lib/thumb/v7e-m/fpv4-sp/hard\libc_nano.a(lib_a-init.o)
                              C:/My Work Software/S32DS/build_tools/gcc_v6.3/gcc-6.3-arm32-eabi/arm-none-eabi/newlib/lib/thumb/v7e-m/fpv4-sp/hard/crt0.o (__libc_init_array)
C:/My Work Software/S32DS/build_tools/gcc_v6.3/gcc-6.3-arm32-eabi/arm-none-eabi/newlib/lib/thumb/v7e-m/fpv4-sp/hard\libc_nano.a(lib_a-memset.o)
                              C:/My Work Software/S32DS/build_tools/gcc_v6.3/gcc-6.3-arm32-eabi/arm-none-eabi/newlib/lib/thumb/v7e-m/fpv4-sp/hard/crt0.o (memset)
C:/My Work Software/S32DS/build_tools/gcc_v6.3/gcc-6.3-arm32-eabi/arm-none-eabi/newlib/lib/thumb/v7e-m/fpv4-sp/hard\libc_nano.a(lib_a-strlen.o)
                              ./Sources/uart.o (strlen)
C:/My Work Software/S32DS/build_tools/gcc_v6.3/gcc-6.3-arm32-eabi/arm-none-eabi/newlib/lib/thumb/v7e-m/fpv4-sp/hard\libc_nano.a(lib_a-vsprintf.o)
                              ./Sources/uart.o (vsprintf)
C:/My Work Software/S32DS/build_tools/gcc_v6.3/gcc-6.3-arm32-eabi/arm-none-eabi/newlib/lib/thumb/v7e-m/fpv4-sp/hard\libc_nano.a(lib_a-nano-svfprintf.o)
                              C:/My Work Software/S32DS/build_tools/gcc_v6.3/gcc-6.3-arm32-eabi/arm-none-eabi/newlib/lib/thumb/v7e-m/fpv4-sp/hard\libc_nano.a(lib_a-vsprintf.o) (_svfprintf_r)
C:/My Work Software/S32DS/build_tools/gcc_v6.3/gcc-6.3-arm32-eabi/arm-none-eabi/newlib/lib/thumb/v7e-m/fpv4-sp/hard\libc_nano.a(lib_a-nano-vfprintf_i.o)
                              C:/My Work Software/S32DS/build_tools/gcc_v6.3/gcc-6.3-arm32-eabi/arm-none-eabi/newlib/lib/thumb/v7e-m/fpv4-sp/hard\libc_nano.a(lib_a-nano-svfprintf.o) (_printf_i)
C:/My Work Software/S32DS/build_tools/gcc_v6.3/gcc-6.3-arm32-eabi/arm-none-eabi/newlib/lib/thumb/v7e-m/fpv4-sp/hard\libc_nano.a(lib_a-memchr.o)
                              C:/My Work Software/S32DS/build_tools/gcc_v6.3/gcc-6.3-arm32-eabi/arm-none-eabi/newlib/lib/thumb/v7e-m/fpv4-sp/hard\libc_nano.a(lib_a-nano-svfprintf.o) (memchr)
C:/My Work Software/S32DS/build_tools/gcc_v6.3/gcc-6.3-arm32-eabi/arm-none-eabi/newlib/lib/thumb/v7e-m/fpv4-sp/hard\libc_nano.a(lib_a-memcpy-stub.o)
                              C:/My Work Software/S32DS/build_tools/gcc_v6.3/gcc-6.3-arm32-eabi/arm-none-eabi/newlib/lib/thumb/v7e-m/fpv4-sp/hard\libc_nano.a(lib_a-nano-svfprintf.o) (memcpy)
C:/My Work Software/S32DS/build_tools/gcc_v6.3/gcc-6.3-arm32-eabi/arm-none-eabi/newlib/lib/thumb/v7e-m/fpv4-sp/hard\libc_nano.a(lib_a-memmove.o)
                              C:/My Work Software/S32DS/build_tools/gcc_v6.3/gcc-6.3-arm32-eabi/arm-none-eabi/newlib/lib/thumb/v7e-m/fpv4-sp/hard\libc_nano.a(lib_a-nano-svfprintf.o) (memmove)
C:/My Work Software/S32DS/build_tools/gcc_v6.3/gcc-6.3-arm32-eabi/arm-none-eabi/newlib/lib/thumb/v7e-m/fpv4-sp/hard\libc_nano.a(lib_a-nano-freer.o)
                              C:/My Work Software/S32DS/build_tools/gcc_v6.3/gcc-6.3-arm32-eabi/arm-none-eabi/newlib/lib/thumb/v7e-m/fpv4-sp/hard\libc_nano.a(lib_a-nano-svfprintf.o) (_free_r)
C:/My Work Software/S32DS/build_tools/gcc_v6.3/gcc-6.3-arm32-eabi/arm-none-eabi/newlib/lib/thumb/v7e-m/fpv4-sp/hard\libc_nano.a(lib_a-nano-mallocr.o)
                              C:/My Work Software/S32DS/build_tools/gcc_v6.3/gcc-6.3-arm32-eabi/arm-none-eabi/newlib/lib/thumb/v7e-m/fpv4-sp/hard\libc_nano.a(lib_a-nano-svfprintf.o) (_malloc_r)
C:/My Work Software/S32DS/build_tools/gcc_v6.3/gcc-6.3-arm32-eabi/arm-none-eabi/newlib/lib/thumb/v7e-m/fpv4-sp/hard\libc_nano.a(lib_a-nano-reallocr.o)
                              C:/My Work Software/S32DS/build_tools/gcc_v6.3/gcc-6.3-arm32-eabi/arm-none-eabi/newlib/lib/thumb/v7e-m/fpv4-sp/hard\libc_nano.a(lib_a-nano-svfprintf.o) (_realloc_r)
[...]
Memory Configuration

Name             Origin             Length             Attributes
m_interrupts     0x00000000         0x00000400         xr
m_flash_config   0x00000400         0x00000010         xr
m_text           0x00000410         0x0007fbf0         xr
m_data           0x1fff8000         0x00008000         rw
m_data_2         0x20000000         0x00007000         rw
*default*        0x00000000         0xffffffff

Linker script and memory map

LOAD c:/my work software/s32ds/build_tools/gcc_v6.3/gcc-6.3-arm32-eabi/bin/../lib/gcc/arm-none-eabi/6.3.1/thumb/v7e-m/fpv4-sp/hard/crti.o
LOAD c:/my work software/s32ds/build_tools/gcc_v6.3/gcc-6.3-arm32-eabi/bin/../lib/gcc/arm-none-eabi/6.3.1/thumb/v7e-m/fpv4-sp/hard/crtbegin.o
LOAD C:/My Work Software/S32DS/build_tools/gcc_v6.3/gcc-6.3-arm32-eabi/arm-none-eabi/newlib/lib/thumb/v7e-m/fpv4-sp/hard/crt0.o
LOAD ./Generated_Code/Cpu.o
LOAD ./Generated_Code/clockMan1.o
LOAD ./Generated_Code/dmaController1.o
LOAD ./Generated_Code/i2c1.o
LOAD ./Generated_Code/lpuart1.o
LOAD ./Generated_Code/pin_mux.o
LOAD ./Project_Settings/Startup_Code/startup_S32K144.o
LOAD ./SDK/platform/devices/S32K144/startup/system_S32K144.o
LOAD ./SDK/platform/devices/startup.o
LOAD ./SDK/platform/drivers/src/clock/S32K1xx/clock_S32K1xx.o
LOAD ./SDK/platform/drivers/src/edma/edma_driver.o
LOAD ./SDK/platform/drivers/src/edma/edma_hw_access.o
LOAD ./SDK/platform/drivers/src/edma/edma_irq.o
LOAD ./SDK/platform/drivers/src/interrupt/interrupt_manager.o
LOAD ./SDK/platform/drivers/src/lpi2c/lpi2c_driver.o
LOAD ./SDK/platform/drivers/src/lpi2c/lpi2c_hw_access.o
LOAD ./SDK/platform/drivers/src/lpi2c/lpi2c_irq.o
LOAD ./SDK/platform/drivers/src/lpuart/lpuart_driver.o
LOAD ./SDK/platform/drivers/src/lpuart/lpuart_hw_access.o
LOAD ./SDK/platform/drivers/src/lpuart/lpuart_irq.o
LOAD ./SDK/platform/drivers/src/pins/pins_driver.o
LOAD ./SDK/platform/drivers/src/pins/pins_port_hw_access.o
LOAD ./SDK/platform/pal/src/i2c/i2c_pal.o
LOAD ./SDK/rtos/osif/osif_baremetal.o
LOAD ./Sources/delay.o
LOAD ./Sources/font.o
LOAD ./Sources/key.o
LOAD ./Sources/main.o
LOAD ./Sources/oled.o
LOAD ./Sources/sys_cfg.o
LOAD ./Sources/uart.o
START GROUP
LOAD c:/my work software/s32ds/build_tools/gcc_v6.3/gcc-6.3-arm32-eabi/bin/../lib/gcc/arm-none-eabi/6.3.1/thumb/v7e-m/fpv4-sp/hard\libgcc.a
LOAD C:/My Work Software/S32DS/build_tools/gcc_v6.3/gcc-6.3-arm32-eabi/arm-none-eabi/newlib/lib/thumb/v7e-m/fpv4-sp/hard\libc_nano.a
END GROUP
START GROUP
LOAD c:/my work software/s32ds/build_tools/gcc_v6.3/gcc-6.3-arm32-eabi/bin/../lib/gcc/arm-none-eabi/6.3.1/thumb/v7e-m/fpv4-sp/hard\libgcc.a
LOAD C:/My Work Software/S32DS/build_tools/gcc_v6.3/gcc-6.3-arm32-eabi/arm-none-eabi/newlib/lib/thumb/v7e-m/fpv4-sp/hard\libc_nano.a
LOAD C:/My Work Software/S32DS/build_tools/gcc_v6.3/gcc-6.3-arm32-eabi/arm-none-eabi/newlib/lib/thumb/v7e-m/fpv4-sp/hard\libnosys.a
END GROUP
START GROUP
LOAD c:/my work software/s32ds/build_tools/gcc_v6.3/gcc-6.3-arm32-eabi/bin/../lib/gcc/arm-none-eabi/6.3.1/thumb/v7e-m/fpv4-sp/hard\libgcc.a
LOAD C:/My Work Software/S32DS/build_tools/gcc_v6.3/gcc-6.3-arm32-eabi/arm-none-eabi/newlib/lib/thumb/v7e-m/fpv4-sp/hard\libc_nano.a
LOAD C:/My Work Software/S32DS/build_tools/gcc_v6.3/gcc-6.3-arm32-eabi/arm-none-eabi/newlib/lib/thumb/v7e-m/fpv4-sp/hard\libnosys.a
END GROUP
LOAD c:/my work software/s32ds/build_tools/gcc_v6.3/gcc-6.3-arm32-eabi/bin/../lib/gcc/arm-none-eabi/6.3.1/thumb/v7e-m/fpv4-sp/hard/crtend.o
LOAD c:/my work software/s32ds/build_tools/gcc_v6.3/gcc-6.3-arm32-eabi/bin/../lib/gcc/arm-none-eabi/6.3.1/thumb/v7e-m/fpv4-sp/hard/crtn.o
                0x00000400                HEAP_SIZE = DEFINED (__heap_size__)?__heap_size__:0x400
                0x00000400                STACK_SIZE = DEFINED (__stack_size__)?__stack_size__:0x400
                0x00000400                M_VECTOR_RAM_SIZE = DEFINED (__flash_vector_table__)?0x0:0x400

.interrupts     0x00000000      0x400
                0x00000000                __VECTOR_TABLE = .
                0x00000000                __interrupts_start__ = .
                0x00000000                . = ALIGN (0x4)
 *(.isr_vector)
 .isr_vector    0x00000000      0x400 ./Project_Settings/Startup_Code/startup_S32K144.o
                0x00000000                __isr_vector
                0x00000400                __interrupts_end__ = .
                0x00000400                . = ALIGN (0x4)

.flash_config   0x00000400       0x10
                0x00000400                . = ALIGN (0x4)
 *(.FlashConfig)
 .FlashConfig   0x00000400       0x10 ./Project_Settings/Startup_Code/startup_S32K144.o
                0x00000410                . = ALIGN (0x4)

.text           0x00000410     0x5028
                0x00000410                . = ALIGN (0x4)
 *(.text)
 .text          0x00000410       0x4c ./Project_Settings/Startup_Code/startup_S32K144.o
                0x00000410                Reset_Handler
                0x00000458                DebugMon_Handler
                0x00000458                Reserved88_IRQHandler
                0x00000458                CAN0_ORed_IRQHandler
                0x00000458                HardFault_Handler
                0x00000458                Reserved86_IRQHandler
                0x00000458                Reserved103_IRQHandler
                0x00000458                FTM2_Ovf_Reload_IRQHandler
                0x00000458                Reserved50_IRQHandler
                0x00000458                FTFC_Fault_IRQHandler
                0x00000458                FTM0_Ch6_Ch7_IRQHandler
                0x00000458                Reserved114_IRQHandler
                0x00000458                PendSV_Handler
                0x00000458                NMI_Handler
                0x00000458                Reserved89_IRQHandler
                0x00000458                ERM_double_fault_IRQHandler
                0x00000458                Reserved59_IRQHandler
                0x00000458                LPIT0_Ch0_IRQHandler
                0x00000458                Reserved99_IRQHandler
                0x00000458                FTM3_Ch6_Ch7_IRQHandler
                0x00000458                CAN2_ORed_0_15_MB_IRQHandler
                0x00000458                LPIT0_Ch3_IRQHandler
                0x00000458                Reserved92_IRQHandler
                0x00000458                FTM0_Ch4_Ch5_IRQHandler
                0x00000458                CAN1_Error_IRQHandler
                0x00000458                FTM3_Ch0_Ch1_IRQHandler
                0x00000458                SWI_IRQHandler
                0x00000458                ADC0_IRQHandler
                0x00000458                FTM2_Ch4_Ch5_IRQHandler
                0x00000458                UsageFault_Handler
                0x00000458                FTM0_Ovf_Reload_IRQHandler
                0x00000458                DefaultISR
                0x00000458                Reserved58_IRQHandler
                0x00000458                CAN1_ORed_0_15_MB_IRQHandler
                0x00000458                FTM1_Ch2_Ch3_IRQHandler
                0x00000458                Reserved82_IRQHandler
                0x00000458                CAN0_ORed_16_31_MB_IRQHandler
                0x00000458                Reserved71_IRQHandler
                0x00000458                PORTD_IRQHandler
                0x00000458                Reserved69_IRQHandler
                0x00000458                PORTB_IRQHandler
                0x00000458                Reserved70_IRQHandler
                0x00000458                ADC1_IRQHandler
                0x00000458                FTM2_Ch2_Ch3_IRQHandler
                0x00000458                Reserved53_IRQHandler
                0x00000458                RTC_IRQHandler
                0x00000458                PDB0_IRQHandler
                0x00000458                Reserved54_IRQHandler
                0x00000458                FTM2_Ch6_Ch7_IRQHandler
                0x00000458                FTM3_Ch2_Ch3_IRQHandler
                0x00000458                FTM2_Ch0_Ch1_IRQHandler
                0x00000458                LPSPI1_IRQHandler
                0x00000458                LPUART1_RxTx_IRQHandler
                0x00000458                RTC_Seconds_IRQHandler
                0x00000458                CAN2_ORed_IRQHandler
                0x00000458                Reserved72_IRQHandler
                0x00000458                Reserved110_IRQHandler
                0x00000458                Reserved107_IRQHandler
                0x00000458                Read_Collision_IRQHandler
                0x00000458                CAN2_Error_IRQHandler
                0x00000458                FTFC_IRQHandler
                0x00000458                FTM1_Ch6_Ch7_IRQHandler
                0x00000458                Reserved105_IRQHandler
                0x00000458                LPIT0_Ch1_IRQHandler
                0x00000458                FTM1_Ch4_Ch5_IRQHandler
                0x00000458                FTM3_Ovf_Reload_IRQHandler
                0x00000458                LPUART2_RxTx_IRQHandler
                0x00000458                LPSPI0_IRQHandler
                0x00000458                WDOG_EWM_IRQHandler
                0x00000458                MemManage_Handler
                0x00000458                Reserved90_IRQHandler
                0x00000458                Reserved83_IRQHandler
                0x00000458                FTM0_Fault_IRQHandler
                0x00000458                Reserved48_IRQHandler
                0x00000458                SVC_Handler
                0x00000458                ERM_single_fault_IRQHandler
                0x00000458                FTM2_Fault_IRQHandler
                0x00000458                FTM0_Ch2_Ch3_IRQHandler
                0x00000458                FTM0_Ch0_Ch1_IRQHandler
                0x00000458                FTM3_Fault_IRQHandler
                0x00000458                RCM_IRQHandler
                0x00000458                Reserved100_IRQHandler
                0x00000458                Reserved91_IRQHandler
                0x00000458                CAN1_ORed_IRQHandler
                0x00000458                SCG_IRQHandler
                0x00000458                PDB1_IRQHandler
                0x00000458                Reserved81_IRQHandler
                0x00000458                Reserved46_IRQHandler
                0x00000458                Reserved45_IRQHandler
                0x00000458                CAN0_Error_IRQHandler
                0x00000458                Reserved112_IRQHandler
                0x00000458                FTM1_Fault_IRQHandler
                0x00000458                Reserved106_IRQHandler
                0x00000458                LVD_LVW_IRQHandler
                0x00000458                LPIT0_Ch2_IRQHandler
                0x00000458                PORTA_IRQHandler
                0x00000458                MCM_IRQHandler
                0x00000458                LPSPI2_IRQHandler
                0x00000458                FTM3_Ch4_Ch5_IRQHandler
                0x00000458                CAN0_ORed_0_15_MB_IRQHandler
                0x00000458                PORTE_IRQHandler
                0x00000458                LPUART0_RxTx_IRQHandler
                0x00000458                LPTMR0_IRQHandler
                0x00000458                BusFault_Handler
                0x00000458                Reserved87_IRQHandler
                0x00000458                FTM1_Ovf_Reload_IRQHandler
                0x00000458                Reserved93_IRQHandler
                0x00000458                CAN0_Wake_Up_IRQHandler
                0x00000458                CMP0_IRQHandler
                0x00000458                Reserved52_IRQHandler
                0x00000458                PORTC_IRQHandler
                0x00000458                FTM1_Ch0_Ch1_IRQHandler
                0x00000458                FLEXIO_IRQHandler
                0x00000458                Reserved113_IRQHandler
 .text          0x0000045c       0x10 C:/My Work Software/S32DS/build_tools/gcc_v6.3/gcc-6.3-arm32-eabi/arm-none-eabi/newlib/lib/thumb/v7e-m/fpv4-sp/hard\libc_nano.a(lib_a-strlen.o)
                0x0000045c                strlen
 *fill*         0x0000046c        0x4 
 .text          0x00000470       0xa0 C:/My Work Software/S32DS/build_tools/gcc_v6.3/gcc-6.3-arm32-eabi/arm-none-eabi/newlib/lib/thumb/v7e-m/fpv4-sp/hard\libc_nano.a(lib_a-memchr.o)
                0x00000470                memchr
 *(.text*)
 .text.SystemInit
                0x00000510       0x3c ./SDK/platform/devices/S32K144/startup/system_S32K144.o
                0x00000510                SystemInit
 .text.init_data_bss
                0x0000054c       0xd8 ./SDK/platform/devices/startup.o
                0x0000054c                init_data_bss
 .text.CLOCK_SYS_GetCurrentRunMode
                0x00000624       0x24 ./SDK/platform/drivers/src/clock/S32K1xx/clock_S32K1xx.o
 .text.CLOCK_SYS_GetSysOscFreq
                0x00000648       0x1c ./SDK/platform/drivers/src/clock/S32K1xx/clock_S32K1xx.o
 .text.CLOCK_SYS_ConfigureSOSC
                0x00000664      0x12c ./SDK/platform/drivers/src/clock/S32K1xx/clock_S32K1xx.o
 .text.CLOCK_SYS_GetSircFreq
                0x00000790       0x2c ./SDK/platform/drivers/src/clock/S32K1xx/clock_S32K1xx.o
 .text.CLOCK_SYS_ConfigureSIRC
                0x000007bc       0xc4 ./SDK/platform/drivers/src/clock/S32K1xx/clock_S32K1xx.o
 .text.CLOCK_SYS_GetFircFreq
                0x00000880       0x20 ./SDK/platform/drivers/src/clock/S32K1xx/clock_S32K1xx.o
 .text.CLOCK_SYS_ConfigureFIRC
                0x000008a0       0xb4 ./SDK/platform/drivers/src/clock/S32K1xx/clock_S32K1xx.o
 .text.CLOCK_SYS_GetSysPllFreq
                0x00000954       0x44 ./SDK/platform/drivers/src/clock/S32K1xx/clock_S32K1xx.o
 .text.CLOCK_SYS_ConfigureSPLL
                0x00000998      0x104 ./SDK/platform/drivers/src/clock/S32K1xx/clock_S32K1xx.o
 .text.CLOCK_SYS_SetSystemClockConfig
                0x00000a9c      0x1e4 ./SDK/platform/drivers/src/clock/S32K1xx/clock_S32K1xx.o
 .text.CLOCK_SYS_TransitionSystemClock
                0x00000c80       0x3c ./SDK/platform/drivers/src/clock/S32K1xx/clock_S32K1xx.o
 .text.CLOCK_SYS_GetSystemClockFreq
                0x00000cbc       0x78 ./SDK/platform/drivers/src/clock/S32K1xx/clock_S32K1xx.o
 .text.CLOCK_SYS_GetScgClkOutFreq
                0x00000d34       0x44 ./SDK/platform/drivers/src/clock/S32K1xx/clock_S32K1xx.o
 .text.CLOCK_SYS_GetSysAsyncFreq
                0x00000d78       0xd4 ./SDK/platform/drivers/src/clock/S32K1xx/clock_S32K1xx.o
 .text.CLOCK_SYS_GetSimRtcClkFreq
                0x00000e4c       0x50 ./SDK/platform/drivers/src/clock/S32K1xx/clock_S32K1xx.o
 .text.CLOCK_SYS_GetPeripheralClock
                0x00000e9c       0x78 ./SDK/platform/drivers/src/clock/S32K1xx/clock_S32K1xx.o
 .text.CLOCK_SYS_GetLpoFreq
                0x00000f14       0x44 ./SDK/platform/drivers/src/clock/S32K1xx/clock_S32K1xx.o
 .text.CLOCK_SYS_GetSimClkOutFreq
                0x00000f58       0x98 ./SDK/platform/drivers/src/clock/S32K1xx/clock_S32K1xx.o
 .text.CLOCK_DRV_Init
                0x00000ff0      0x598 ./SDK/platform/drivers/src/clock/S32K1xx/clock_S32K1xx.o
                0x00000ff0                CLOCK_DRV_Init
 .text.CLOCK_DRV_GetFreq
                0x00001588      0x3a0 ./SDK/platform/drivers/src/clock/S32K1xx/clock_S32K1xx.o
                0x00001588                CLOCK_DRV_GetFreq
 .text.CLOCK_SYS_Init
                0x00001928       0x1c ./SDK/platform/drivers/src/clock/S32K1xx/clock_S32K1xx.o
                0x00001928                CLOCK_SYS_Init
 .text.CLOCK_SYS_UpdateConfiguration
                0x00001944       0xe8 ./SDK/platform/drivers/src/clock/S32K1xx/clock_S32K1xx.o
                0x00001944                CLOCK_SYS_UpdateConfiguration
 .text.CLOCK_SYS_GetFreq
                0x00001a2c        0x8 ./SDK/platform/drivers/src/clock/S32K1xx/clock_S32K1xx.o
                0x00001a2c                CLOCK_SYS_GetFreq
 .text.EDMA_DRV_InstallCallback
                0x00001a34       0x20 ./SDK/platform/drivers/src/edma/edma_driver.o
                0x00001a34                EDMA_DRV_InstallCallback
 .text.EDMA_DRV_IRQHandler
                0x00001a54       0x2c ./SDK/platform/drivers/src/edma/edma_driver.o
                0x00001a54                EDMA_DRV_IRQHandler
 .text.EDMA_DRV_ErrorIRQHandler
                0x00001a80       0x3c ./SDK/platform/drivers/src/edma/edma_driver.o
                0x00001a80                EDMA_DRV_ErrorIRQHandler
 .text.EDMA_DRV_ConfigSingleBlockTransfer
                0x00001abc      0x148 ./SDK/platform/drivers/src/edma/edma_driver.o
                0x00001abc                EDMA_DRV_ConfigSingleBlockTransfer
 .text.EDMA_DRV_ConfigMultiBlockTransfer
                0x00001c04       0x64 ./SDK/platform/drivers/src/edma/edma_driver.o
                0x00001c04                EDMA_DRV_ConfigMultiBlockTransfer
 .text.EDMA_DRV_StartChannel
                0x00001c68       0x18 ./SDK/platform/drivers/src/edma/edma_driver.o
                0x00001c68                EDMA_DRV_StartChannel
 .text.EDMA_DRV_StopChannel
                0x00001c80       0x18 ./SDK/platform/drivers/src/edma/edma_driver.o
                0x00001c80                EDMA_DRV_StopChannel
 .text.EDMA_DRV_SetChannelRequestAndTrigger
                0x00001c98       0x44 ./SDK/platform/drivers/src/edma/edma_driver.o
                0x00001c98                EDMA_DRV_SetChannelRequestAndTrigger
 .text.EDMA_DRV_SetSrcAddr
                0x00001cdc       0x14 ./SDK/platform/drivers/src/edma/edma_driver.o
                0x00001cdc                EDMA_DRV_SetSrcAddr
 .text.EDMA_DRV_SetSrcLastAddrAdjustment
                0x00001cf0       0x16 ./SDK/platform/drivers/src/edma/edma_driver.o
                0x00001cf0                EDMA_DRV_SetSrcLastAddrAdjustment
 *fill*         0x00001d06        0x2 
 .text.EDMA_DRV_SetMajorLoopIterationCount
                0x00001d08       0x14 ./SDK/platform/drivers/src/edma/edma_driver.o
                0x00001d08                EDMA_DRV_SetMajorLoopIterationCount
 .text.EDMA_DRV_GetRemainingMajorIterationsCount
                0x00001d1c       0x14 ./SDK/platform/drivers/src/edma/edma_driver.o
                0x00001d1c                EDMA_DRV_GetRemainingMajorIterationsCount
 .text.EDMA_DRV_DisableRequestsOnTransferComplete
                0x00001d30       0x38 ./SDK/platform/drivers/src/edma/edma_driver.o
                0x00001d30                EDMA_DRV_DisableRequestsOnTransferComplete
 .text.EDMA_DRV_GetDmaRegBaseAddr
                0x00001d68        0x8 ./SDK/platform/drivers/src/edma/edma_driver.o
                0x00001d68                EDMA_DRV_GetDmaRegBaseAddr
 .text.EDMA_SetDmaRequestCmd
                0x00001d70        0xa ./SDK/platform/drivers/src/edma/edma_hw_access.o
                0x00001d70                EDMA_SetDmaRequestCmd
 .text.EDMA_TCDClearReg
                0x00001d7a       0x4a ./SDK/platform/drivers/src/edma/edma_hw_access.o
                0x00001d7a                EDMA_TCDClearReg
 .text.EDMA_TCDSetAttribute
                0x00001dc4       0x30 ./SDK/platform/drivers/src/edma/edma_hw_access.o
                0x00001dc4                EDMA_TCDSetAttribute
 .text.EDMA_TCDSetNbytes
                0x00001df4       0x5c ./SDK/platform/drivers/src/edma/edma_hw_access.o
                0x00001df4                EDMA_TCDSetNbytes
 .text.EDMA_TCDSetMajorCount
                0x00001e50       0x5e ./SDK/platform/drivers/src/edma/edma_hw_access.o
                0x00001e50                EDMA_TCDSetMajorCount
 .text.EDMA_TCDGetCurrentMajorCount
                0x00001eae       0x2c ./SDK/platform/drivers/src/edma/edma_hw_access.o
                0x00001eae                EDMA_TCDGetCurrentMajorCount
 .text.DMA0_IRQHandler
                0x00001eda        0xa ./SDK/platform/drivers/src/edma/edma_irq.o
                0x00001eda                DMA0_IRQHandler
 .text.DMA1_IRQHandler
                0x00001ee4        0xa ./SDK/platform/drivers/src/edma/edma_irq.o
                0x00001ee4                DMA1_IRQHandler
 .text.DMA2_IRQHandler
                0x00001eee        0xa ./SDK/platform/drivers/src/edma/edma_irq.o
                0x00001eee                DMA2_IRQHandler
 .text.DMA3_IRQHandler
                0x00001ef8        0xa ./SDK/platform/drivers/src/edma/edma_irq.o
                0x00001ef8                DMA3_IRQHandler
 .text.DMA4_IRQHandler
                0x00001f02        0xa ./SDK/platform/drivers/src/edma/edma_irq.o
                0x00001f02                DMA4_IRQHandler
 .text.DMA5_IRQHandler
                0x00001f0c        0xa ./SDK/platform/drivers/src/edma/edma_irq.o
                0x00001f0c                DMA5_IRQHandler
 .text.DMA6_IRQHandler
                0x00001f16        0xa ./SDK/platform/drivers/src/edma/edma_irq.o
                0x00001f16                DMA6_IRQHandler
 .text.DMA7_IRQHandler
                0x00001f20        0xa ./SDK/platform/drivers/src/edma/edma_irq.o
                0x00001f20                DMA7_IRQHandler
 .text.DMA8_IRQHandler
                0x00001f2a        0xa ./SDK/platform/drivers/src/edma/edma_irq.o
                0x00001f2a                DMA8_IRQHandler
 .text.DMA9_IRQHandler
                0x00001f34        0xa ./SDK/platform/drivers/src/edma/edma_irq.o
                0x00001f34                DMA9_IRQHandler
 .text.DMA10_IRQHandler
                0x00001f3e        0xa ./SDK/platform/drivers/src/edma/edma_irq.o
                0x00001f3e                DMA10_IRQHandler
 .text.DMA11_IRQHandler
                0x00001f48        0xa ./SDK/platform/drivers/src/edma/edma_irq.o
                0x00001f48                DMA11_IRQHandler
 .text.DMA12_IRQHandler
                0x00001f52        0xa ./SDK/platform/drivers/src/edma/edma_irq.o
                0x00001f52                DMA12_IRQHandler
 .text.DMA13_IRQHandler
                0x00001f5c        0xa ./SDK/platform/drivers/src/edma/edma_irq.o
                0x00001f5c                DMA13_IRQHandler
 .text.DMA14_IRQHandler
                0x00001f66        0xa ./SDK/platform/drivers/src/edma/edma_irq.o
                0x00001f66                DMA14_IRQHandler
 .text.DMA15_IRQHandler
                0x00001f70        0xa ./SDK/platform/drivers/src/edma/edma_irq.o
                0x00001f70                DMA15_IRQHandler
 .text.DMA_Error_IRQHandler
                0x00001f7a       0x28 ./SDK/platform/drivers/src/edma/edma_irq.o
                0x00001f7a                DMA_Error_IRQHandler
 *fill*         0x00001fa2        0x2 
 .text.INT_SYS_InstallHandler
                0x00001fa4       0x30 ./SDK/platform/drivers/src/interrupt/interrupt_manager.o
                0x00001fa4                INT_SYS_InstallHandler
 .text.INT_SYS_EnableIRQ
                0x00001fd4       0x18 ./SDK/platform/drivers/src/interrupt/interrupt_manager.o
                0x00001fd4                INT_SYS_EnableIRQ
 .text.INT_SYS_EnableIRQGlobal
                0x00001fec       0x1c ./SDK/platform/drivers/src/interrupt/interrupt_manager.o
                0x00001fec                INT_SYS_EnableIRQGlobal
 .text.INT_SYS_DisableIRQGlobal
                0x00002008       0x10 ./SDK/platform/drivers/src/interrupt/interrupt_manager.o
                0x00002008                INT_SYS_DisableIRQGlobal
 .text.LPI2C_DRV_MasterSendAddress
                0x00002018       0xe6 ./SDK/platform/drivers/src/lpi2c/lpi2c_driver.o
 .text.LPI2C_DRV_MasterQueueData
                0x000020fe       0x4c ./SDK/platform/drivers/src/lpi2c/lpi2c_driver.o
 .text.LPI2C_DRV_SlaveEndTransfer
                0x0000214a       0x4e ./SDK/platform/drivers/src/lpi2c/lpi2c_driver.o
 .text.LPI2C_DRV_MasterEndTransfer
                0x00002198       0x68 ./SDK/platform/drivers/src/lpi2c/lpi2c_driver.o
 .text.LPI2C_DRV_MasterCompleteDMATransfer
                0x00002200       0x8c ./SDK/platform/drivers/src/lpi2c/lpi2c_driver.o
 .text.LPI2C_DRV_SlaveEndTransferHandler
                0x0000228c       0x3a ./SDK/platform/drivers/src/lpi2c/lpi2c_driver.o
 *fill*         0x000022c6        0x2 
 .text.LPI2C_DRV_ConfigureDmaTransfer
                0x000022c8       0x60 ./SDK/platform/drivers/src/lpi2c/lpi2c_driver.o
 .text.LPI2C_DRV_MasterStartDmaTransfer
                0x00002328      0x114 ./SDK/platform/drivers/src/lpi2c/lpi2c_driver.o
 .text.LPI2C_DRV_SlaveStartDmaTransfer
                0x0000243c       0x9c ./SDK/platform/drivers/src/lpi2c/lpi2c_driver.o
 .text.LPI2C_DRV_MasterSetBaudRate
                0x000024d8      0x138 ./SDK/platform/drivers/src/lpi2c/lpi2c_driver.o
                0x000024d8                LPI2C_DRV_MasterSetBaudRate
 .text.LPI2C_DRV_MasterInit
                0x00002610       0xa4 ./SDK/platform/drivers/src/lpi2c/lpi2c_driver.o
                0x00002610                LPI2C_DRV_MasterInit
 .text.LPI2C_DRV_MasterReinit
                0x000026b4       0x5c ./SDK/platform/drivers/src/lpi2c/lpi2c_driver.o
 .text.LPI2C_DRV_MasterWaitTransferEnd
                0x00002710       0xc8 ./SDK/platform/drivers/src/lpi2c/lpi2c_driver.o
 .text.LPI2C_DRV_MasterSendData
                0x000027d8       0x70 ./SDK/platform/drivers/src/lpi2c/lpi2c_driver.o
                0x000027d8                LPI2C_DRV_MasterSendData
 .text.LPI2C_DRV_MasterSendDataBlocking
                0x00002848       0x4c ./SDK/platform/drivers/src/lpi2c/lpi2c_driver.o
                0x00002848                LPI2C_DRV_MasterSendDataBlocking
 .text.LPI2C_DRV_MasterIRQHandler
                0x00002894      0x248 ./SDK/platform/drivers/src/lpi2c/lpi2c_driver.o
                0x00002894                LPI2C_DRV_MasterIRQHandler
 .text.LPI2C_DRV_SlaveIRQHandler
                0x00002adc      0x1d8 ./SDK/platform/drivers/src/lpi2c/lpi2c_driver.o
                0x00002adc                LPI2C_DRV_SlaveIRQHandler
 .text.LPI2C_Init
                0x00002cb4       0x1e ./SDK/platform/drivers/src/lpi2c/lpi2c_hw_access.o
                0x00002cb4                LPI2C_Init
 .text.LPI2C0_Master_IRQHandler
                0x00002cd2        0xa ./SDK/platform/drivers/src/lpi2c/lpi2c_irq.o
                0x00002cd2                LPI2C0_Master_IRQHandler
 .text.LPI2C0_Slave_IRQHandler
                0x00002cdc        0xa ./SDK/platform/drivers/src/lpi2c/lpi2c_irq.o
                0x00002cdc                LPI2C0_Slave_IRQHandler
 *fill*         0x00002ce6        0x2 
 .text.LPUART_DRV_StartSendDataUsingInt
                0x00002ce8       0x4c ./SDK/platform/drivers/src/lpuart/lpuart_driver.o
 .text.LPUART_DRV_StartSendDataUsingDma
                0x00002d34       0x80 ./SDK/platform/drivers/src/lpuart/lpuart_driver.o
 .text.LPUART_DRV_CompleteSendDataUsingInt
                0x00002db4       0x64 ./SDK/platform/drivers/src/lpuart/lpuart_driver.o
 .text.LPUART_DRV_StopTxDma
                0x00002e18       0x64 ./SDK/platform/drivers/src/lpuart/lpuart_driver.o
 .text.LPUART_DRV_TxDmaCallback
                0x00002e7c       0x74 ./SDK/platform/drivers/src/lpuart/lpuart_driver.o
 .text.LPUART_DRV_PutData
                0x00002ef0       0x44 ./SDK/platform/drivers/src/lpuart/lpuart_driver.o
 .text.LPUART_DRV_CompleteReceiveDataUsingInt
                0x00002f34       0x64 ./SDK/platform/drivers/src/lpuart/lpuart_driver.o
 .text.LPUART_DRV_StopRxDma
                0x00002f98       0x64 ./SDK/platform/drivers/src/lpuart/lpuart_driver.o
 .text.LPUART_DRV_GetData
                0x00002ffc       0x5c ./SDK/platform/drivers/src/lpuart/lpuart_driver.o
 .text.LPUART_DRV_SendData
                0x00003058       0x24 ./SDK/platform/drivers/src/lpuart/lpuart_driver.o
                0x00003058                LPUART_DRV_SendData
 .text.LPUART_DRV_GetTransmitStatus
                0x0000307c       0x38 ./SDK/platform/drivers/src/lpuart/lpuart_driver.o
                0x0000307c                LPUART_DRV_GetTransmitStatus
 .text.LPUART_DRV_SetBaudRate
                0x000030b4       0xd4 ./SDK/platform/drivers/src/lpuart/lpuart_driver.o
                0x000030b4                LPUART_DRV_SetBaudRate
 .text.LPUART_DRV_Init
                0x00003188       0xe0 ./SDK/platform/drivers/src/lpuart/lpuart_driver.o
                0x00003188                LPUART_DRV_Init
 .text.LPUART_DRV_IRQHandler
                0x00003268      0x2a8 ./SDK/platform/drivers/src/lpuart/lpuart_driver.o
                0x00003268                LPUART_DRV_IRQHandler
 .text.LPUART_Init
                0x00003510       0x24 ./SDK/platform/drivers/src/lpuart/lpuart_hw_access.o
                0x00003510                LPUART_Init
 .text.LPUART_SetBitCountPerChar
                0x00003534       0x30 ./SDK/platform/drivers/src/lpuart/lpuart_hw_access.o
                0x00003534                LPUART_SetBitCountPerChar
 .text.LPUART_SetParityMode
                0x00003564       0x1e ./SDK/platform/drivers/src/lpuart/lpuart_hw_access.o
                0x00003564                LPUART_SetParityMode
 .text.LPUART_Putchar9
                0x00003582       0x16 ./SDK/platform/drivers/src/lpuart/lpuart_hw_access.o
                0x00003582                LPUART_Putchar9
 .text.LPUART_Putchar10
                0x00003598       0x22 ./SDK/platform/drivers/src/lpuart/lpuart_hw_access.o
                0x00003598                LPUART_Putchar10
 .text.LPUART_Getchar9
                0x000035ba       0x12 ./SDK/platform/drivers/src/lpuart/lpuart_hw_access.o
                0x000035ba                LPUART_Getchar9
 .text.LPUART_Getchar10
                0x000035cc       0x1e ./SDK/platform/drivers/src/lpuart/lpuart_hw_access.o
                0x000035cc                LPUART_Getchar10
 .text.LPUART_SetIntMode
                0x000035ea       0x70 ./SDK/platform/drivers/src/lpuart/lpuart_hw_access.o
                0x000035ea                LPUART_SetIntMode
 .text.LPUART_GetIntMode
                0x0000365a       0x4a ./SDK/platform/drivers/src/lpuart/lpuart_hw_access.o
                0x0000365a                LPUART_GetIntMode
 .text.LPUART_GetStatusFlag
                0x000036a4       0x48 ./SDK/platform/drivers/src/lpuart/lpuart_hw_access.o
                0x000036a4                LPUART_GetStatusFlag
 .text.LPUART_SetErrorInterrupts
                0x000036ec       0x40 ./SDK/platform/drivers/src/lpuart/lpuart_hw_access.o
                0x000036ec                LPUART_SetErrorInterrupts
 .text.LPUART0_IrqHandler
                0x0000372c        0xa ./SDK/platform/drivers/src/lpuart/lpuart_irq.o
                0x0000372c                LPUART0_IrqHandler
 .text.LPUART1_IrqHandler
                0x00003736        0xa ./SDK/platform/drivers/src/lpuart/lpuart_irq.o
                0x00003736                LPUART1_IrqHandler
 .text.LPUART2_IrqHandler
                0x00003740        0xa ./SDK/platform/drivers/src/lpuart/lpuart_irq.o
                0x00003740                LPUART2_IrqHandler
 .text.PINS_DRV_Init
                0x0000374a       0x20 ./SDK/platform/drivers/src/pins/pins_driver.o
                0x0000374a                PINS_DRV_Init
 .text.PINS_DRV_ReadPins
                0x0000376a        0x4 ./SDK/platform/drivers/src/pins/pins_driver.o
                0x0000376a                PINS_DRV_ReadPins
 *fill*         0x0000376e        0x2 
 .text.PINS_GetAdcInterleaveVal
                0x00003770       0x70 ./SDK/platform/drivers/src/pins/pins_port_hw_access.o
 .text.PINS_Init
                0x000037e0      0x114 ./SDK/platform/drivers/src/pins/pins_port_hw_access.o
                0x000037e0                PINS_Init
 .text.I2C_MasterInit
                0x000038f4       0x98 ./SDK/platform/pal/src/i2c/i2c_pal.o
                0x000038f4                I2C_MasterInit
 .text.I2C_MasterSendDataBlocking
                0x0000398c       0x1a ./SDK/platform/pal/src/i2c/i2c_pal.o
                0x0000398c                I2C_MasterSendDataBlocking
 *fill*         0x000039a6        0x2 
 .text.SysTick_Handler
                0x000039a8       0x10 ./SDK/rtos/osif/osif_baremetal.o
                0x000039a8                SysTick_Handler
 .text.OSIF_SemaWait
                0x000039b8       0x74 ./SDK/rtos/osif/osif_baremetal.o
                0x000039b8                OSIF_SemaWait
 .text.OSIF_SemaPost
                0x00003a2c       0x26 ./SDK/rtos/osif/osif_baremetal.o
                0x00003a2c                OSIF_SemaPost
 .text.OSIF_SemaCreate
                0x00003a52       0x14 ./SDK/rtos/osif/osif_baremetal.o
                0x00003a52                OSIF_SemaCreate
 *fill*         0x00003a66        0x2 
 .text.SysTick_Init
                0x00003a68       0x14 ./Sources/delay.o
                0x00003a68                SysTick_Init
 .text.delay_us
                0x00003a7c       0x34 ./Sources/delay.o
                0x00003a7c                delay_us
 .text.delay_ms
                0x00003ab0       0x1c ./Sources/delay.o
                0x00003ab0                delay_ms
 .text.delay_init
                0x00003acc       0x38 ./Sources/delay.o
                0x00003acc                delay_init
 .text.KEY_Proc
                0x00003b04       0xc0 ./Sources/key.o
                0x00003b04                KEY_Proc
 .text.main     0x00003bc4       0xf8 ./Sources/main.o
                0x00003bc4                main
 .text.I2c_Send_Byte
                0x00003cbc       0x2c ./Sources/oled.o
                0x00003cbc                I2c_Send_Byte
 .text.OLED_WrDat
                0x00003ce8        0xc ./Sources/oled.o
                0x00003ce8                OLED_WrDat
 .text.OLED_WrCmd
                0x00003cf4        0xc ./Sources/oled.o
                0x00003cf4                OLED_WrCmd
 .text.OLED_Set_Pos
                0x00003d00       0x24 ./Sources/oled.o
                0x00003d00                OLED_Set_Pos
 .text.OLED_Fill
                0x00003d24       0x38 ./Sources/oled.o
                0x00003d24                OLED_Fill
 .text.OLED_ShowCHinese
                0x00003d5c       0xa8 ./Sources/oled.o
                0x00003d5c                OLED_ShowCHinese
 .text.OLED_ShowChar
                0x00003e04       0xdc ./Sources/oled.o
                0x00003e04                OLED_ShowChar
 .text.OLED_ShowString
                0x00003ee0       0x48 ./Sources/oled.o
                0x00003ee0                OLED_ShowString
 .text.OLED_ShowStringCHN
                0x00003f28       0x2e ./Sources/oled.o
                0x00003f28                OLED_ShowStringCHN
 .text.LCD_clear_L
                0x00003f56       0x3e ./Sources/oled.o
                0x00003f56                LCD_clear_L
 .text.OLED_TITLE
                0x00003f94       0x44 ./Sources/oled.o
                0x00003f94                OLED_TITLE
 .text.oled_init
                0x00003fd8       0xc6 ./Sources/oled.o
                0x00003fd8                oled_init
 *fill*         0x0000409e        0x2 
 .text.u1_printf
                0x000040a0       0x44 ./Sources/uart.o
                0x000040a0                u1_printf
 .text._vsprintf_r
                0x000040e4       0x30 C:/My Work Software/S32DS/build_tools/gcc_v6.3/gcc-6.3-arm32-eabi/arm-none-eabi/newlib/lib/thumb/v7e-m/fpv4-sp/hard\libc_nano.a(lib_a-vsprintf.o)
                0x000040e4                _vsprintf_r
                0x000040e4                _vsiprintf_r
 .text.vsprintf
                0x00004114       0x14 C:/My Work Software/S32DS/build_tools/gcc_v6.3/gcc-6.3-arm32-eabi/arm-none-eabi/newlib/lib/thumb/v7e-m/fpv4-sp/hard\libc_nano.a(lib_a-vsprintf.o)
                0x00004114                vsiprintf
                0x00004114                vsprintf
 .text.__ssputs_r
                0x00004128       0xb6 C:/My Work Software/S32DS/build_tools/gcc_v6.3/gcc-6.3-arm32-eabi/arm-none-eabi/newlib/lib/thumb/v7e-m/fpv4-sp/hard\libc_nano.a(lib_a-nano-svfprintf.o)
                0x00004128                __ssputs_r
 *fill*         0x000041de        0x2 
 .text._svfprintf_r
                0x000041e0      0x1e8 C:/My Work Software/S32DS/build_tools/gcc_v6.3/gcc-6.3-arm32-eabi/arm-none-eabi/newlib/lib/thumb/v7e-m/fpv4-sp/hard\libc_nano.a(lib_a-nano-svfprintf.o)
                0x000041e0                _svfiprintf_r
                0x000041e0                _svfprintf_r
 .text._printf_common
                0x000043c8       0xec C:/My Work Software/S32DS/build_tools/gcc_v6.3/gcc-6.3-arm32-eabi/arm-none-eabi/newlib/lib/thumb/v7e-m/fpv4-sp/hard\libc_nano.a(lib_a-nano-vfprintf_i.o)
                0x000043c8                _printf_common
 .text._printf_i
                0x000044b4      0x240 C:/My Work Software/S32DS/build_tools/gcc_v6.3/gcc-6.3-arm32-eabi/arm-none-eabi/newlib/lib/thumb/v7e-m/fpv4-sp/hard\libc_nano.a(lib_a-nano-vfprintf_i.o)
                0x000044b4                _printf_i
 .text.memcpy   0x000046f4       0x16 C:/My Work Software/S32DS/build_tools/gcc_v6.3/gcc-6.3-arm32-eabi/arm-none-eabi/newlib/lib/thumb/v7e-m/fpv4-sp/hard\libc_nano.a(lib_a-memcpy-stub.o)
                0x000046f4                memcpy
 .text.memmove  0x0000470a       0x34 C:/My Work Software/S32DS/build_tools/gcc_v6.3/gcc-6.3-arm32-eabi/arm-none-eabi/newlib/lib/thumb/v7e-m/fpv4-sp/hard\libc_nano.a(lib_a-memmove.o)
                0x0000470a                memmove
 *fill*         0x0000473e        0x2 
 .text._free_r  0x00004740       0x9c C:/My Work Software/S32DS/build_tools/gcc_v6.3/gcc-6.3-arm32-eabi/arm-none-eabi/newlib/lib/thumb/v7e-m/fpv4-sp/hard\libc_nano.a(lib_a-nano-freer.o)
                0x00004740                _free_r
 .text._malloc_r
                0x000047dc       0xbc C:/My Work Software/S32DS/build_tools/gcc_v6.3/gcc-6.3-arm32-eabi/arm-none-eabi/newlib/lib/thumb/v7e-m/fpv4-sp/hard\libc_nano.a(lib_a-nano-mallocr.o)
                0x000047dc                _malloc_r
 .text._realloc_r
                0x00004898       0x4c C:/My Work Software/S32DS/build_tools/gcc_v6.3/gcc-6.3-arm32-eabi/arm-none-eabi/newlib/lib/thumb/v7e-m/fpv4-sp/hard\libc_nano.a(lib_a-nano-reallocr.o)
                0x00004898                _realloc_r
 .text._sbrk_r  0x000048e4       0x20 C:/My Work Software/S32DS/build_tools/gcc_v6.3/gcc-6.3-arm32-eabi/arm-none-eabi/newlib/lib/thumb/v7e-m/fpv4-sp/hard\libc_nano.a(lib_a-sbrkr.o)
                0x000048e4                _sbrk_r
 .text.__malloc_lock
                0x00004904        0x2 C:/My Work Software/S32DS/build_tools/gcc_v6.3/gcc-6.3-arm32-eabi/arm-none-eabi/newlib/lib/thumb/v7e-m/fpv4-sp/hard\libc_nano.a(lib_a-mlock.o)
                0x00004904                __malloc_lock
 .text.__malloc_unlock
                0x00004906        0x2 C:/My Work Software/S32DS/build_tools/gcc_v6.3/gcc-6.3-arm32-eabi/arm-none-eabi/newlib/lib/thumb/v7e-m/fpv4-sp/hard\libc_nano.a(lib_a-mlock.o)
                0x00004906                __malloc_unlock
 .text._malloc_usable_size_r
                0x00004908       0x12 C:/My Work Software/S32DS/build_tools/gcc_v6.3/gcc-6.3-arm32-eabi/arm-none-eabi/newlib/lib/thumb/v7e-m/fpv4-sp/hard\libc_nano.a(lib_a-nano-msizer.o)
                0x00004908                _malloc_usable_size_r
 *fill*         0x0000491a        0x2 
 .text._sbrk    0x0000491c       0x1c C:/My Work Software/S32DS/build_tools/gcc_v6.3/gcc-6.3-arm32-eabi/arm-none-eabi/newlib/lib/thumb/v7e-m/fpv4-sp/hard\libnosys.a(sbrk.o)
                0x0000491c                _sbrk
 *(.rodata)
 .rodata        0x00004938        0x4 ./Sources/oled.o
 *(.rodata*)
 .rodata.i2c1_MasterConfig0
                0x0000493c       0x18 ./Generated_Code/i2c1.o
                0x0000493c                i2c1_MasterConfig0
 .rodata.lpuart1_InitConfig0
                0x00004954        0xc ./Generated_Code/lpuart1.o
                0x00004954                lpuart1_InitConfig0
 .rodata.clockNameMappings
                0x00004960       0x9e ./SDK/platform/drivers/src/clock/S32K1xx/clock_S32K1xx.o
                0x00004960                clockNameMappings
 *fill*         0x000049fe        0x2 
 .rodata.maxSysClksInHSRUN.7598
                0x00004a00       0x54 ./SDK/platform/drivers/src/clock/S32K1xx/clock_S32K1xx.o
 .rodata.maxSysClksInRUN.7597
                0x00004a54       0x54 ./SDK/platform/drivers/src/clock/S32K1xx/clock_S32K1xx.o
 .rodata.maxSysClksInVLPR.7596
                0x00004aa8       0x54 ./SDK/platform/drivers/src/clock/S32K1xx/clock_S32K1xx.o
 .rodata.peripheralFeaturesList
                0x00004afc       0x4f ./SDK/platform/drivers/src/clock/S32K1xx/clock_S32K1xx.o
                0x00004afc                peripheralFeaturesList
 *fill*         0x00004b4b        0x1 
 .rodata.g_lpi2cDMASrc
                0x00004b4c        0x2 ./SDK/platform/drivers/src/lpi2c/lpi2c_driver.o
 *fill*         0x00004b4e        0x2 
 .rodata.s_lpuartBase
                0x00004b50        0xc ./SDK/platform/drivers/src/lpuart/lpuart_driver.o
 .rodata.s_lpuartClkNames
                0x00004b5c        0x3 ./SDK/platform/drivers/src/lpuart/lpuart_driver.o
 *fill*         0x00004b5f        0x1 
 .rodata.s_lpuartRxTxIrqId
                0x00004b60        0x3 ./SDK/platform/drivers/src/lpuart/lpuart_driver.o
 *fill*         0x00004b63        0x1 
 .rodata.F6x8   0x00004b64      0x228 ./Sources/font.o
                0x00004b64                F6x8
 .rodata.F8X16  0x00004d8c      0x5f0 ./Sources/font.o
                0x00004d8c                F8X16
 .rodata.main.str1.4
                0x0000537c       0x80 ./Sources/main.o
 .rodata._svfprintf_r.str1.1
                0x000053fc       0x11 C:/My Work Software/S32DS/build_tools/gcc_v6.3/gcc-6.3-arm32-eabi/arm-none-eabi/newlib/lib/thumb/v7e-m/fpv4-sp/hard\libc_nano.a(lib_a-nano-svfprintf.o)
 .rodata._printf_i.str1.1
                0x0000540d       0x22 C:/My Work Software/S32DS/build_tools/gcc_v6.3/gcc-6.3-arm32-eabi/arm-none-eabi/newlib/lib/thumb/v7e-m/fpv4-sp/hard\libc_nano.a(lib_a-nano-vfprintf_i.o)
 *(.init)
 *fill*         0x0000542f        0x1 
 .init          0x00005430        0x4 c:/my work software/s32ds/build_tools/gcc_v6.3/gcc-6.3-arm32-eabi/bin/../lib/gcc/arm-none-eabi/6.3.1/thumb/v7e-m/fpv4-sp/hard/crti.o
                0x00005430                _init
 *(.fini)
 .fini          0x00005434        0x4 c:/my work software/s32ds/build_tools/gcc_v6.3/gcc-6.3-arm32-eabi/bin/../lib/gcc/arm-none-eabi/6.3.1/thumb/v7e-m/fpv4-sp/hard/crti.o
                0x00005434                _fini
 *(.eh_frame)
                0x00005438                . = ALIGN (0x4)

.glue_7         0x00005438        0x0
 .glue_7        0x00005438        0x0 linker stubs

.glue_7t        0x00005438        0x0
 .glue_7t       0x00005438        0x0 linker stubs

.vfp11_veneer   0x00005438        0x0
 .vfp11_veneer  0x00005438        0x0 linker stubs

.v4_bx          0x00005438        0x0
 .v4_bx         0x00005438        0x0 linker stubs

.iplt           0x00005438        0x0
 .iplt          0x00005438        0x0 c:/my work software/s32ds/build_tools/gcc_v6.3/gcc-6.3-arm32-eabi/bin/../lib/gcc/arm-none-eabi/6.3.1/thumb/v7e-m/fpv4-sp/hard/crtbegin.o

.rel.dyn        0x00005438        0x0
 .rel.iplt      0x00005438        0x0 c:/my work software/s32ds/build_tools/gcc_v6.3/gcc-6.3-arm32-eabi/bin/../lib/gcc/arm-none-eabi/6.3.1/thumb/v7e-m/fpv4-sp/hard/crtbegin.o

.ARM            0x00005438        0x0
                0x00005438                __exidx_start = .
 *(.ARM.exidx*)
                0x00005438                __exidx_end = .
                0x00005438                __etext = .
                0x00005438                __DATA_ROM = .

.interrupts_ram
                0x1fff8000      0x400
                0x1fff8000                . = ALIGN (0x4)
                0x1fff8000                __VECTOR_RAM__ = .
                0x1fff8000                __RAM_START = .
                0x1fff8000                __interrupts_ram_start__ = .
 *(.m_interrupts_ram)
                0x1fff8400                . = (. + M_VECTOR_RAM_SIZE)
 *fill*         0x1fff8000      0x400 
                0x1fff8400                . = ALIGN (0x4)
                0x1fff8400                __interrupts_ram_end__ = .
                0x1fff8000                __VECTOR_RAM = DEFINED (__flash_vector_table__)?ORIGIN (m_interrupts):__VECTOR_RAM__
                0x00000400                __RAM_VECTOR_TABLE_SIZE = DEFINED (__flash_vector_table__)?0x0:(__interrupts_ram_end__ - __interrupts_ram_start__)

.data           0x1fff8400      0x5a0 load address 0x00005438
                0x1fff8400                . = ALIGN (0x4)
                0x1fff8400                __DATA_RAM = .
                0x1fff8400                __data_start__ = .
 *(.data)
 *(.data*)
 .data.clockMan1_InitConfig0
                0x1fff8400       0x78 ./Generated_Code/clockMan1.o
                0x1fff8400                clockMan1_InitConfig0
 .data.g_clockManConfigsArr
                0x1fff8478        0x4 ./Generated_Code/clockMan1.o
                0x1fff8478                g_clockManConfigsArr
 .data.peripheralClockConfig0
                0x1fff847c       0x46 ./Generated_Code/clockMan1.o
                0x1fff847c                peripheralClockConfig0
 *fill*         0x1fff84c2        0x2 
 .data.g_pin_mux_InitConfigArr
                0x1fff84c4      0x108 ./Generated_Code/pin_mux.o
                0x1fff84c4                g_pin_mux_InitConfigArr
 .data.peripheralClockConfig.7360
                0x1fff85cc       0xa0 ./SDK/platform/drivers/src/clock/S32K1xx/clock_S32K1xx.o
 .data.g_lpuartIsr
                0x1fff866c        0xc ./SDK/platform/drivers/src/lpuart/lpuart_irq.o
                0x1fff866c                g_lpuartIsr
 .data.Hzk      0x1fff8678      0x2c0 ./Sources/font.o
                0x1fff8678                Hzk
 .data.key_up.8507
                0x1fff8938        0x1 ./Sources/key.o
 *fill*         0x1fff8939        0x3 
 .data._impure_ptr
                0x1fff893c        0x4 C:/My Work Software/S32DS/build_tools/gcc_v6.3/gcc-6.3-arm32-eabi/arm-none-eabi/newlib/lib/thumb/v7e-m/fpv4-sp/hard\libc_nano.a(lib_a-impure.o)
                0x1fff893c                _impure_ptr
 .data.impure_data
                0x1fff8940       0x60 C:/My Work Software/S32DS/build_tools/gcc_v6.3/gcc-6.3-arm32-eabi/arm-none-eabi/newlib/lib/thumb/v7e-m/fpv4-sp/hard\libc_nano.a(lib_a-impure.o)
                0x1fff89a0                . = ALIGN (0x4)
                0x1fff89a0                __data_end__ = .
                0x000059d8                __DATA_END = (__DATA_ROM + (__data_end__ - __data_start__))
                0x000059d8                __CODE_ROM = __DATA_END

.igot.plt       0x1fff89a0        0x0 load address 0x000059d8
 .igot.plt      0x1fff89a0        0x0 c:/my work software/s32ds/build_tools/gcc_v6.3/gcc-6.3-arm32-eabi/bin/../lib/gcc/arm-none-eabi/6.3.1/thumb/v7e-m/fpv4-sp/hard/crtbegin.o

.code           0x1fff89a0        0x0 load address 0x000059d8
                0x1fff89a0                . = ALIGN (0x4)
                0x1fff89a0                __CODE_RAM = .
                0x1fff89a0                __code_start__ = .
                0x1fff89a0                __code_ram_start__ = .
 *(.code_ram)
                0x1fff89a0                . = ALIGN (0x4)
                0x1fff89a0                __code_end__ = .
                0x1fff89a0                __code_ram_end__ = .
                0x000059d8                __CODE_END = (__CODE_ROM + (__code_end__ - __code_start__))
                0x000059d8                __CUSTOM_ROM = __CODE_END

.customSectionBlock
                0x20000000        0x0 load address 0x000059d8
                0x20000000                __customSection_start__ = .
 *(.customSection)
                0x20000000                __customSection_end__ = .
                0x000059d8                __CUSTOM_END = (__CUSTOM_ROM + (__customSection_end__ - __customSection_start__))

.bss            0x20000000      0x1a4
                0x20000000                . = ALIGN (0x4)
                0x20000000                __BSS_START = .
                0x20000000                __bss_start__ = .
 *(.bss)
 *(.bss*)
 .bss.g_clockManCallbacksArr
                0x20000000        0x4 ./Generated_Code/clockMan1.o
                0x20000000                g_clockManCallbacksArr
 .bss.i2c1_instance
                0x20000004        0x8 ./Generated_Code/i2c1.o
                0x20000004                i2c1_instance
 .bss.lpuart1_State
                0x2000000c       0x34 ./Generated_Code/lpuart1.o
                0x2000000c                lpuart1_State
 .bss.g_RtcClkInFreq
                0x20000040        0x4 ./SDK/platform/drivers/src/clock/S32K1xx/clock_S32K1xx.o
                0x20000040                g_RtcClkInFreq
 .bss.g_TClkFreq
                0x20000044        0xc ./SDK/platform/drivers/src/clock/S32K1xx/clock_S32K1xx.o
                0x20000044                g_TClkFreq
 .bss.g_clockState
                0x20000050       0x10 ./SDK/platform/drivers/src/clock/S32K1xx/clock_S32K1xx.o
 .bss.g_xtal0ClkFreq
                0x20000060        0x4 ./SDK/platform/drivers/src/clock/S32K1xx/clock_S32K1xx.o
                0x20000060                g_xtal0ClkFreq
 .bss.s_virtEdmaState
                0x20000064        0x4 ./SDK/platform/drivers/src/edma/edma_driver.o
 .bss.g_interruptDisableCount
                0x20000068        0x4 ./SDK/platform/drivers/src/interrupt/interrupt_manager.o
 .bss.g_lpi2cMasterStatePtr
                0x2000006c        0x4 ./SDK/platform/drivers/src/lpi2c/lpi2c_driver.o
 .bss.g_lpi2cSlaveStatePtr
                0x20000070        0x4 ./SDK/platform/drivers/src/lpi2c/lpi2c_driver.o
 .bss.s_lpuartStatePtr
                0x20000074        0xc ./SDK/platform/drivers/src/lpuart/lpuart_driver.o
 .bss.Lpi2cMasterState
                0x20000080       0x3c ./SDK/platform/pal/src/i2c/i2c_pal.o
 .bss.Lpi2cStateInstanceMapping
                0x200000bc        0x4 ./SDK/platform/pal/src/i2c/i2c_pal.o
 .bss.Lpi2cStateIsAllocated
                0x200000c0        0x1 ./SDK/platform/pal/src/i2c/i2c_pal.o
 *fill*         0x200000c1        0x3 
 .bss.s_osif_tick_cnt
                0x200000c4        0x4 ./SDK/rtos/osif/osif_baremetal.o
 .bss.fac_us    0x200000c8        0x4 ./Sources/delay.o
 .bss.USART1_TX_BUF
                0x200000cc       0xc8 ./Sources/uart.o
                0x200000cc                USART1_TX_BUF
 .bss.__malloc_free_list
                0x20000194        0x4 C:/My Work Software/S32DS/build_tools/gcc_v6.3/gcc-6.3-arm32-eabi/arm-none-eabi/newlib/lib/thumb/v7e-m/fpv4-sp/hard\libc_nano.a(lib_a-nano-mallocr.o)
                0x20000194                __malloc_free_list
 .bss.__malloc_sbrk_start
                0x20000198        0x4 C:/My Work Software/S32DS/build_tools/gcc_v6.3/gcc-6.3-arm32-eabi/arm-none-eabi/newlib/lib/thumb/v7e-m/fpv4-sp/hard\libc_nano.a(lib_a-nano-mallocr.o)
                0x20000198                __malloc_sbrk_start
 .bss.heap_end.5365
                0x2000019c        0x4 C:/My Work Software/S32DS/build_tools/gcc_v6.3/gcc-6.3-arm32-eabi/arm-none-eabi/newlib/lib/thumb/v7e-m/fpv4-sp/hard\libnosys.a(sbrk.o)
 *(COMMON)
 COMMON         0x200001a0        0x4 C:/My Work Software/S32DS/build_tools/gcc_v6.3/gcc-6.3-arm32-eabi/arm-none-eabi/newlib/lib/thumb/v7e-m/fpv4-sp/hard\libc_nano.a(lib_a-reent.o)
                0x200001a0                errno
                0x200001a4                . = ALIGN (0x4)
                0x200001a4                __bss_end__ = .
                0x200001a4                __BSS_END = .

.heap           0x200001a4      0x404
                0x200001a8                . = ALIGN (0x8)
 *fill*         0x200001a4        0x4 
                0x200001a8                __end__ = .
                0x200001a8                __heap_start__ = .
                0x200001a8                PROVIDE (end, .)
                [!provide]                PROVIDE (_end, .)
                [!provide]                PROVIDE (__end, .)
                0x200001a8                __HeapBase = .
                0x200005a8                . = (. + HEAP_SIZE)
 *fill*         0x200001a8      0x400 
                0x200005a8                __HeapLimit = .
                0x200005a8                __heap_limit = .
                0x200005a8                __heap_end__ = .
                0x20007000                __StackTop = (ORIGIN (m_data_2) + LENGTH (m_data_2))
                0x20006c00                __StackLimit = (__StackTop - STACK_SIZE)
                0x20007000                PROVIDE (__stack, __StackTop)
                0x20007000                __RAM_END = __StackTop

.stack          0x20006c00      0x400
                0x20006c00                . = ALIGN (0x8)
                0x20006c00                __stack_start__ = .
                0x20007000                . = (. + STACK_SIZE)
 *fill*         0x20006c00      0x400 
                0x20007000                __stack_end__ = .

.ARM.attributes
                0x00000000       0x30
 *(.ARM.attributes)
 .ARM.attributes
                0x00000000       0x22 c:/my work software/s32ds/build_tools/gcc_v6.3/gcc-6.3-arm32-eabi/bin/../lib/gcc/arm-none-eabi/6.3.1/thumb/v7e-m/fpv4-sp/hard/crti.o
 .ARM.attributes
                0x00000022       0x39 ./Generated_Code/clockMan1.o
 .ARM.attributes
                0x0000005b       0x39 ./Generated_Code/i2c1.o
 .ARM.attributes
                0x00000094       0x39 ./Generated_Code/lpuart1.o
 .ARM.attributes
                0x000000cd       0x39 ./Generated_Code/pin_mux.o
 .ARM.attributes
                0x00000106       0x1f ./Project_Settings/Startup_Code/startup_S32K144.o
 .ARM.attributes
                0x00000125       0x39 ./SDK/platform/devices/S32K144/startup/system_S32K144.o
 .ARM.attributes
                0x0000015e       0x39 ./SDK/platform/devices/startup.o
 .ARM.attributes
                0x00000197       0x39 ./SDK/platform/drivers/src/clock/S32K1xx/clock_S32K1xx.o
 .ARM.attributes
                0x000001d0       0x39 ./SDK/platform/drivers/src/edma/edma_driver.o
 .ARM.attributes
                0x00000209       0x39 ./SDK/platform/drivers/src/edma/edma_hw_access.o
 .ARM.attributes
                0x00000242       0x39 ./SDK/platform/drivers/src/edma/edma_irq.o
 .ARM.attributes
                0x0000027b       0x39 ./SDK/platform/drivers/src/interrupt/interrupt_manager.o
 .ARM.attributes
                0x000002b4       0x39 ./SDK/platform/drivers/src/lpi2c/lpi2c_driver.o
 .ARM.attributes
                0x000002ed       0x39 ./SDK/platform/drivers/src/lpi2c/lpi2c_hw_access.o
 .ARM.attributes
                0x00000326       0x39 ./SDK/platform/drivers/src/lpi2c/lpi2c_irq.o
 .ARM.attributes
                0x0000035f       0x39 ./SDK/platform/drivers/src/lpuart/lpuart_driver.o
 .ARM.attributes
                0x00000398       0x39 ./SDK/platform/drivers/src/lpuart/lpuart_hw_access.o
 .ARM.attributes
                0x000003d1       0x39 ./SDK/platform/drivers/src/lpuart/lpuart_irq.o
 .ARM.attributes
                0x0000040a       0x39 ./SDK/platform/drivers/src/pins/pins_driver.o
 .ARM.attributes
                0x00000443       0x39 ./SDK/platform/drivers/src/pins/pins_port_hw_access.o
 .ARM.attributes
                0x0000047c       0x39 ./SDK/platform/pal/src/i2c/i2c_pal.o
 .ARM.attributes
                0x000004b5       0x39 ./SDK/rtos/osif/osif_baremetal.o
 .ARM.attributes
                0x000004ee       0x39 ./Sources/delay.o
 .ARM.attributes
                0x00000527       0x39 ./Sources/font.o
 .ARM.attributes
                0x00000560       0x39 ./Sources/key.o
 .ARM.attributes
                0x00000599       0x39 ./Sources/main.o
 .ARM.attributes
                0x000005d2       0x39 ./Sources/oled.o
 .ARM.attributes
                0x0000060b       0x39 ./Sources/uart.o
 .ARM.attributes
                0x00000644       0x34 C:/My Work Software/S32DS/build_tools/gcc_v6.3/gcc-6.3-arm32-eabi/arm-none-eabi/newlib/lib/thumb/v7e-m/fpv4-sp/hard\libc_nano.a(lib_a-impure.o)
 .ARM.attributes
                0x00000678       0x1b C:/My Work Software/S32DS/build_tools/gcc_v6.3/gcc-6.3-arm32-eabi/arm-none-eabi/newlib/lib/thumb/v7e-m/fpv4-sp/hard\libc_nano.a(lib_a-strlen.o)
 .ARM.attributes
                0x00000693       0x34 C:/My Work Software/S32DS/build_tools/gcc_v6.3/gcc-6.3-arm32-eabi/arm-none-eabi/newlib/lib/thumb/v7e-m/fpv4-sp/hard\libc_nano.a(lib_a-vsprintf.o)
 .ARM.attributes
                0x000006c7       0x34 C:/My Work Software/S32DS/build_tools/gcc_v6.3/gcc-6.3-arm32-eabi/arm-none-eabi/newlib/lib/thumb/v7e-m/fpv4-sp/hard\libc_nano.a(lib_a-nano-svfprintf.o)
 .ARM.attributes
                0x000006fb       0x34 C:/My Work Software/S32DS/build_tools/gcc_v6.3/gcc-6.3-arm32-eabi/arm-none-eabi/newlib/lib/thumb/v7e-m/fpv4-sp/hard\libc_nano.a(lib_a-nano-vfprintf_i.o)
 .ARM.attributes
                0x0000072f       0x20 C:/My Work Software/S32DS/build_tools/gcc_v6.3/gcc-6.3-arm32-eabi/arm-none-eabi/newlib/lib/thumb/v7e-m/fpv4-sp/hard\libc_nano.a(lib_a-memchr.o)
 .ARM.attributes
                0x0000074f       0x34 C:/My Work Software/S32DS/build_tools/gcc_v6.3/gcc-6.3-arm32-eabi/arm-none-eabi/newlib/lib/thumb/v7e-m/fpv4-sp/hard\libc_nano.a(lib_a-memcpy-stub.o)
 .ARM.attributes
                0x00000783       0x34 C:/My Work Software/S32DS/build_tools/gcc_v6.3/gcc-6.3-arm32-eabi/arm-none-eabi/newlib/lib/thumb/v7e-m/fpv4-sp/hard\libc_nano.a(lib_a-memmove.o)
 .ARM.attributes
                0x000007b7       0x34 C:/My Work Software/S32DS/build_tools/gcc_v6.3/gcc-6.3-arm32-eabi/arm-none-eabi/newlib/lib/thumb/v7e-m/fpv4-sp/hard\libc_nano.a(lib_a-nano-freer.o)
 .ARM.attributes
                0x000007eb       0x34 C:/My Work Software/S32DS/build_tools/gcc_v6.3/gcc-6.3-arm32-eabi/arm-none-eabi/newlib/lib/thumb/v7e-m/fpv4-sp/hard\libc_nano.a(lib_a-nano-mallocr.o)
 .ARM.attributes
                0x0000081f       0x34 C:/My Work Software/S32DS/build_tools/gcc_v6.3/gcc-6.3-arm32-eabi/arm-none-eabi/newlib/lib/thumb/v7e-m/fpv4-sp/hard\libc_nano.a(lib_a-nano-reallocr.o)
 .ARM.attributes
                0x00000853       0x34 C:/My Work Software/S32DS/build_tools/gcc_v6.3/gcc-6.3-arm32-eabi/arm-none-eabi/newlib/lib/thumb/v7e-m/fpv4-sp/hard\libc_nano.a(lib_a-sbrkr.o)
 .ARM.attributes
                0x00000887       0x34 C:/My Work Software/S32DS/build_tools/gcc_v6.3/gcc-6.3-arm32-eabi/arm-none-eabi/newlib/lib/thumb/v7e-m/fpv4-sp/hard\libc_nano.a(lib_a-mlock.o)
 .ARM.attributes
                0x000008bb       0x34 C:/My Work Software/S32DS/build_tools/gcc_v6.3/gcc-6.3-arm32-eabi/arm-none-eabi/newlib/lib/thumb/v7e-m/fpv4-sp/hard\libc_nano.a(lib_a-nano-msizer.o)
 .ARM.attributes
                0x000008ef       0x34 C:/My Work Software/S32DS/build_tools/gcc_v6.3/gcc-6.3-arm32-eabi/arm-none-eabi/newlib/lib/thumb/v7e-m/fpv4-sp/hard\libc_nano.a(lib_a-reent.o)
 .ARM.attributes
                0x00000923       0x34 C:/My Work Software/S32DS/build_tools/gcc_v6.3/gcc-6.3-arm32-eabi/arm-none-eabi/newlib/lib/thumb/v7e-m/fpv4-sp/hard\libnosys.a(sbrk.o)
                0x00000001                ASSERT ((__StackLimit >= __HeapLimit), region m_data_2 overflowed with stack and heap)
OUTPUT(s32k144_Demo_Base.elf elf32-littlearm)

.debug_info     0x00000000    0x29fc0
 .debug_info    0x00000000     0x1e22 ./Generated_Code/clockMan1.o
 .debug_info    0x00001e22     0x1cfa ./Generated_Code/i2c1.o
 .debug_info    0x00003b1c     0x1cfa ./Generated_Code/lpuart1.o
 .debug_info    0x00005816      0x406 ./Generated_Code/pin_mux.o
 .debug_info    0x00005c1c       0x26 ./Project_Settings/Startup_Code/startup_S32K144.o
 .debug_info    0x00005c42      0x521 ./SDK/platform/devices/S32K144/startup/system_S32K144.o
 .debug_info    0x00006163      0x2ad ./SDK/platform/devices/startup.o
 .debug_info    0x00006410     0x5aaa ./SDK/platform/drivers/src/clock/S32K1xx/clock_S32K1xx.o
 .debug_info    0x0000beba     0x3771 ./SDK/platform/drivers/src/edma/edma_driver.o
 .debug_info    0x0000f62b      0x960 ./SDK/platform/drivers/src/edma/edma_hw_access.o
 .debug_info    0x0000ff8b      0x6db ./SDK/platform/drivers/src/edma/edma_irq.o
 .debug_info    0x00010666      0x8bd ./SDK/platform/drivers/src/interrupt/interrupt_manager.o
 .debug_info    0x00010f23     0x562f ./SDK/platform/drivers/src/lpi2c/lpi2c_driver.o
 .debug_info    0x00016552      0x433 ./SDK/platform/drivers/src/lpi2c/lpi2c_hw_access.o
 .debug_info    0x00016985       0xdc ./SDK/platform/drivers/src/lpi2c/lpi2c_irq.o
 .debug_info    0x00016a61     0x2fe8 ./SDK/platform/drivers/src/lpuart/lpuart_driver.o
 .debug_info    0x00019a49      0x96c ./SDK/platform/drivers/src/lpuart/lpuart_hw_access.o
 .debug_info    0x0001a3b5      0x127 ./SDK/platform/drivers/src/lpuart/lpuart_irq.o
 .debug_info    0x0001a4dc     0x13d8 ./SDK/platform/drivers/src/pins/pins_driver.o
 .debug_info    0x0001b8b4      0x8a8 ./SDK/platform/drivers/src/pins/pins_port_hw_access.o
 .debug_info    0x0001c15c     0x15c3 ./SDK/platform/pal/src/i2c/i2c_pal.o
 .debug_info    0x0001d71f      0xa9e ./SDK/rtos/osif/osif_baremetal.o
 .debug_info    0x0001e1bd     0x1e8f ./Sources/delay.o
 .debug_info    0x0002004c       0xb7 ./Sources/font.o
 .debug_info    0x00020103     0x2627 ./Sources/key.o
 .debug_info    0x0002272a     0x277a ./Sources/main.o
 .debug_info    0x00024ea4     0x2b04 ./Sources/oled.o
 .debug_info    0x000279a8     0x2618 ./Sources/uart.o

.debug_abbrev   0x00000000     0x3625
 .debug_abbrev  0x00000000      0x143 ./Generated_Code/clockMan1.o
 .debug_abbrev  0x00000143      0x136 ./Generated_Code/i2c1.o
 .debug_abbrev  0x00000279      0x136 ./Generated_Code/lpuart1.o
 .debug_abbrev  0x000003af       0xca ./Generated_Code/pin_mux.o
 .debug_abbrev  0x00000479       0x14 ./Project_Settings/Startup_Code/startup_S32K144.o
 .debug_abbrev  0x0000048d      0x140 ./SDK/platform/devices/S32K144/startup/system_S32K144.o
 .debug_abbrev  0x000005cd       0xe0 ./SDK/platform/devices/startup.o
 .debug_abbrev  0x000006ad      0x3e3 ./SDK/platform/drivers/src/clock/S32K1xx/clock_S32K1xx.o
 .debug_abbrev  0x00000a90      0x422 ./SDK/platform/drivers/src/edma/edma_driver.o
 .debug_abbrev  0x00000eb2      0x205 ./SDK/platform/drivers/src/edma/edma_hw_access.o
 .debug_abbrev  0x000010b7      0x1b8 ./SDK/platform/drivers/src/edma/edma_irq.o
 .debug_abbrev  0x0000126f      0x1ce ./SDK/platform/drivers/src/interrupt/interrupt_manager.o
 .debug_abbrev  0x0000143d      0x43e ./SDK/platform/drivers/src/lpi2c/lpi2c_driver.o
 .debug_abbrev  0x0000187b      0x161 ./SDK/platform/drivers/src/lpi2c/lpi2c_hw_access.o
 .debug_abbrev  0x000019dc       0x6c ./SDK/platform/drivers/src/lpi2c/lpi2c_irq.o
 .debug_abbrev  0x00001a48      0x3a4 ./SDK/platform/drivers/src/lpuart/lpuart_driver.o
 .debug_abbrev  0x00001dec      0x1d0 ./SDK/platform/drivers/src/lpuart/lpuart_hw_access.o
 .debug_abbrev  0x00001fbc       0xb9 ./SDK/platform/drivers/src/lpuart/lpuart_irq.o
 .debug_abbrev  0x00002075      0x2db ./SDK/platform/drivers/src/pins/pins_driver.o
 .debug_abbrev  0x00002350      0x1f5 ./SDK/platform/drivers/src/pins/pins_port_hw_access.o
 .debug_abbrev  0x00002545      0x24c ./SDK/platform/pal/src/i2c/i2c_pal.o
 .debug_abbrev  0x00002791      0x2c6 ./SDK/rtos/osif/osif_baremetal.o
 .debug_abbrev  0x00002a57      0x227 ./Sources/delay.o
 .debug_abbrev  0x00002c7e       0x68 ./Sources/font.o
 .debug_abbrev  0x00002ce6      0x222 ./Sources/key.o
 .debug_abbrev  0x00002f08      0x22f ./Sources/main.o
 .debug_abbrev  0x00003137      0x29c ./Sources/oled.o
 .debug_abbrev  0x000033d3      0x252 ./Sources/uart.o

.debug_aranges  0x00000000      0xbe0
 .debug_aranges
                0x00000000       0x18 ./Generated_Code/clockMan1.o
 .debug_aranges
                0x00000018       0x18 ./Generated_Code/i2c1.o
 .debug_aranges
                0x00000030       0x18 ./Generated_Code/lpuart1.o
 .debug_aranges
                0x00000048       0x18 ./Generated_Code/pin_mux.o
 .debug_aranges
                0x00000060       0x20 ./Project_Settings/Startup_Code/startup_S32K144.o
 .debug_aranges
                0x00000080       0x30 ./SDK/platform/devices/S32K144/startup/system_S32K144.o
 .debug_aranges
                0x000000b0       0x20 ./SDK/platform/devices/startup.o
 .debug_aranges
                0x000000d0      0x120 ./SDK/platform/drivers/src/clock/S32K1xx/clock_S32K1xx.o
 .debug_aranges
                0x000001f0      0x138 ./SDK/platform/drivers/src/edma/edma_driver.o
 .debug_aranges
                0x00000328       0x88 ./SDK/platform/drivers/src/edma/edma_hw_access.o
 .debug_aranges
                0x000003b0       0xa0 ./SDK/platform/drivers/src/edma/edma_irq.o
 .debug_aranges
                0x00000450       0x70 ./SDK/platform/drivers/src/interrupt/interrupt_manager.o
 .debug_aranges
                0x000004c0      0x140 ./SDK/platform/drivers/src/lpi2c/lpi2c_driver.o
 .debug_aranges
                0x00000600       0x20 ./SDK/platform/drivers/src/lpi2c/lpi2c_hw_access.o
 .debug_aranges
                0x00000620       0x28 ./SDK/platform/drivers/src/lpi2c/lpi2c_irq.o
 .debug_aranges
                0x00000648      0x118 ./SDK/platform/drivers/src/lpuart/lpuart_driver.o
 .debug_aranges
                0x00000760       0x78 ./SDK/platform/drivers/src/lpuart/lpuart_hw_access.o
 .debug_aranges
                0x000007d8       0x30 ./SDK/platform/drivers/src/lpuart/lpuart_irq.o
 .debug_aranges
                0x00000808       0xe0 ./SDK/platform/drivers/src/pins/pins_driver.o
 .debug_aranges
                0x000008e8       0x40 ./SDK/platform/drivers/src/pins/pins_port_hw_access.o
 .debug_aranges
                0x00000928       0xd0 ./SDK/platform/pal/src/i2c/i2c_pal.o
 .debug_aranges
                0x000009f8       0x70 ./SDK/rtos/osif/osif_baremetal.o
 .debug_aranges
                0x00000a68       0x48 ./Sources/delay.o
 .debug_aranges
                0x00000ab0       0x18 ./Sources/font.o
 .debug_aranges
                0x00000ac8       0x20 ./Sources/key.o
 .debug_aranges
                0x00000ae8       0x20 ./Sources/main.o
 .debug_aranges
                0x00000b08       0xb8 ./Sources/oled.o
 .debug_aranges
                0x00000bc0       0x20 ./Sources/uart.o

.debug_line     0x00000000     0x8a2f
 .debug_line    0x00000000      0x4aa ./Generated_Code/clockMan1.o
 .debug_line    0x000004aa      0x4a5 ./Generated_Code/i2c1.o
 .debug_line    0x0000094f      0x4a8 ./Generated_Code/lpuart1.o
 .debug_line    0x00000df7      0x202 ./Generated_Code/pin_mux.o
 .debug_line    0x00000ff9       0x82 ./Project_Settings/Startup_Code/startup_S32K144.o
 .debug_line    0x0000107b      0x20e ./SDK/platform/devices/S32K144/startup/system_S32K144.o
 .debug_line    0x00001289      0x173 ./SDK/platform/devices/startup.o
 .debug_line    0x000013fc     0x112d ./SDK/platform/drivers/src/clock/S32K1xx/clock_S32K1xx.o
 .debug_line    0x00002529      0x8f5 ./SDK/platform/drivers/src/edma/edma_driver.o
 .debug_line    0x00002e1e      0x397 ./SDK/platform/drivers/src/edma/edma_hw_access.o
 .debug_line    0x000031b5      0x2f2 ./SDK/platform/drivers/src/edma/edma_irq.o
 .debug_line    0x000034a7      0x331 ./SDK/platform/drivers/src/interrupt/interrupt_manager.o
 .debug_line    0x000037d8      0xe73 ./SDK/platform/drivers/src/lpi2c/lpi2c_driver.o
 .debug_line    0x0000464b      0x1dc ./SDK/platform/drivers/src/lpi2c/lpi2c_hw_access.o
 .debug_line    0x00004827       0xdb ./SDK/platform/drivers/src/lpi2c/lpi2c_irq.o
 .debug_line    0x00004902      0x9fa ./SDK/platform/drivers/src/lpuart/lpuart_driver.o
 .debug_line    0x000052fc      0x405 ./SDK/platform/drivers/src/lpuart/lpuart_hw_access.o
 .debug_line    0x00005701      0x100 ./SDK/platform/drivers/src/lpuart/lpuart_irq.o
 .debug_line    0x00005801      0x4fc ./SDK/platform/drivers/src/pins/pins_driver.o
 .debug_line    0x00005cfd      0x313 ./SDK/platform/drivers/src/pins/pins_port_hw_access.o
 .debug_line    0x00006010      0x55a ./SDK/platform/pal/src/i2c/i2c_pal.o
 .debug_line    0x0000656a      0x434 ./SDK/rtos/osif/osif_baremetal.o
 .debug_line    0x0000699e      0x569 ./Sources/delay.o
 .debug_line    0x00006f07       0x84 ./Sources/font.o
 .debug_line    0x00006f8b      0x620 ./Sources/key.o
 .debug_line    0x000075ab      0x621 ./Sources/main.o
 .debug_line    0x00007bcc      0x83f ./Sources/oled.o
 .debug_line    0x0000840b      0x624 ./Sources/uart.o

.debug_str      0x00000000     0x9dc9
 .debug_str     0x00000000     0x3305 ./Generated_Code/clockMan1.o
                               0x33bd (size before relaxing)
 .debug_str     0x00003305       0x19 ./Generated_Code/i2c1.o
                               0x2f20 (size before relaxing)
 .debug_str     0x0000331e       0x1c ./Generated_Code/lpuart1.o
                               0x2f23 (size before relaxing)
 .debug_str     0x0000333a       0x1c ./Generated_Code/pin_mux.o
                                0x604 (size before relaxing)
 .debug_str     0x00003356       0x3f ./Project_Settings/Startup_Code/startup_S32K144.o
                                 0x8b (size before relaxing)
 .debug_str     0x00003395      0x1e2 ./SDK/platform/devices/S32K144/startup/system_S32K144.o
                                0x445 (size before relaxing)
 .debug_str     0x00003577      0x20c ./SDK/platform/devices/startup.o
                                0x434 (size before relaxing)
 .debug_str     0x00003783     0x154b ./SDK/platform/drivers/src/clock/S32K1xx/clock_S32K1xx.o
                               0x3944 (size before relaxing)
 .debug_str     0x00004cce     0x1747 ./SDK/platform/drivers/src/edma/edma_driver.o
                               0x2a32 (size before relaxing)
 .debug_str     0x00006415       0x46 ./SDK/platform/drivers/src/edma/edma_hw_access.o
                                0x7f6 (size before relaxing)
 .debug_str     0x0000645b      0x162 ./SDK/platform/drivers/src/edma/edma_irq.o
                                0x50b (size before relaxing)
 .debug_str     0x000065bd      0x156 ./SDK/platform/drivers/src/interrupt/interrupt_manager.o
                                0xa8b (size before relaxing)
 .debug_str     0x00006713     0x173d ./SDK/platform/drivers/src/lpi2c/lpi2c_driver.o
                               0x33e2 (size before relaxing)
 .debug_str     0x00007e50       0x6f ./SDK/platform/drivers/src/lpi2c/lpi2c_hw_access.o
                                0x3da (size before relaxing)
 .debug_str     0x00007ebf       0x5f ./SDK/platform/drivers/src/lpi2c/lpi2c_irq.o
                                0x29c (size before relaxing)
 .debug_str     0x00007f1e      0xa9f ./SDK/platform/drivers/src/lpuart/lpuart_driver.o
                               0x2505 (size before relaxing)
 .debug_str     0x000089bd       0xc4 ./SDK/platform/drivers/src/lpuart/lpuart_hw_access.o
                               0x1089 (size before relaxing)
 .debug_str     0x00008a81       0x69 ./SDK/platform/drivers/src/lpuart/lpuart_irq.o
                                0x293 (size before relaxing)
 .debug_str     0x00008aea      0x5e6 ./SDK/platform/drivers/src/pins/pins_driver.o
                               0x1450 (size before relaxing)
 .debug_str     0x000090d0      0x19d ./SDK/platform/drivers/src/pins/pins_port_hw_access.o
                                0x938 (size before relaxing)
 .debug_str     0x0000926d      0x2fa ./SDK/platform/pal/src/i2c/i2c_pal.o
                               0x15d0 (size before relaxing)
 .debug_str     0x00009567      0x192 ./SDK/rtos/osif/osif_baremetal.o
                               0x10e1 (size before relaxing)
 .debug_str     0x000096f9       0x79 ./Sources/delay.o
                               0x2fb9 (size before relaxing)
 .debug_str     0x00009772       0x1d ./Sources/font.o
                                0x1ae (size before relaxing)
 .debug_str     0x0000978f      0x405 ./Sources/key.o
                               0x3369 (size before relaxing)
 .debug_str     0x00009b94       0x6e ./Sources/main.o
                               0x3404 (size before relaxing)
 .debug_str     0x00009c02      0x179 ./Sources/oled.o
                               0x311e (size before relaxing)
 .debug_str     0x00009d7b       0x4e ./Sources/uart.o
                               0x33c8 (size before relaxing)

.comment        0x00000000       0xa0
 .comment       0x00000000       0xa0 ./Generated_Code/clockMan1.o
                                 0xa1 (size before relaxing)
 .comment       0x000000a0       0xa1 ./Generated_Code/i2c1.o
 .comment       0x000000a0       0xa1 ./Generated_Code/lpuart1.o
 .comment       0x000000a0       0xa1 ./Generated_Code/pin_mux.o
 .comment       0x000000a0       0xa1 ./SDK/platform/devices/S32K144/startup/system_S32K144.o
 .comment       0x000000a0       0xa1 ./SDK/platform/devices/startup.o
 .comment       0x000000a0       0xa1 ./SDK/platform/drivers/src/clock/S32K1xx/clock_S32K1xx.o
 .comment       0x000000a0       0xa1 ./SDK/platform/drivers/src/edma/edma_driver.o
 .comment       0x000000a0       0xa1 ./SDK/platform/drivers/src/edma/edma_hw_access.o
 .comment       0x000000a0       0xa1 ./SDK/platform/drivers/src/edma/edma_irq.o
 .comment       0x000000a0       0xa1 ./SDK/platform/drivers/src/interrupt/interrupt_manager.o
 .comment       0x000000a0       0xa1 ./SDK/platform/drivers/src/lpi2c/lpi2c_driver.o
 .comment       0x000000a0       0xa1 ./SDK/platform/drivers/src/lpi2c/lpi2c_hw_access.o
 .comment       0x000000a0       0xa1 ./SDK/platform/drivers/src/lpi2c/lpi2c_irq.o
 .comment       0x000000a0       0xa1 ./SDK/platform/drivers/src/lpuart/lpuart_driver.o
 .comment       0x000000a0       0xa1 ./SDK/platform/drivers/src/lpuart/lpuart_hw_access.o
 .comment       0x000000a0       0xa1 ./SDK/platform/drivers/src/lpuart/lpuart_irq.o
 .comment       0x000000a0       0xa1 ./SDK/platform/drivers/src/pins/pins_driver.o
 .comment       0x000000a0       0xa1 ./SDK/platform/drivers/src/pins/pins_port_hw_access.o
 .comment       0x000000a0       0xa1 ./SDK/platform/pal/src/i2c/i2c_pal.o
 .comment       0x000000a0       0xa1 ./SDK/rtos/osif/osif_baremetal.o
 .comment       0x000000a0       0xa1 ./Sources/delay.o
 .comment       0x000000a0       0xa1 ./Sources/font.o
 .comment       0x000000a0       0xa1 ./Sources/key.o
 .comment       0x000000a0       0xa1 ./Sources/main.o
 .comment       0x000000a0       0xa1 ./Sources/oled.o
 .comment       0x000000a0       0xa1 ./Sources/uart.o

.debug_loc      0x00000000    0x11234
 .debug_loc     0x00000000       0xeb ./SDK/platform/devices/S32K144/startup/system_S32K144.o
 .debug_loc     0x000000eb       0xec ./SDK/platform/devices/startup.o
 .debug_loc     0x000001d7     0x4da8 ./SDK/platform/drivers/src/clock/S32K1xx/clock_S32K1xx.o
 .debug_loc     0x00004f7f     0x28ae ./SDK/platform/drivers/src/edma/edma_driver.o
 .debug_loc     0x0000782d      0x6fa ./SDK/platform/drivers/src/edma/edma_hw_access.o
 .debug_loc     0x00007f27       0x50 ./SDK/platform/drivers/src/edma/edma_irq.o
 .debug_loc     0x00007f77      0x297 ./SDK/platform/drivers/src/interrupt/interrupt_manager.o
 .debug_loc     0x0000820e     0x39ae ./SDK/platform/drivers/src/lpi2c/lpi2c_driver.o
 .debug_loc     0x0000bbbc       0x94 ./SDK/platform/drivers/src/lpi2c/lpi2c_hw_access.o
 .debug_loc     0x0000bc50     0x2126 ./SDK/platform/drivers/src/lpuart/lpuart_driver.o
 .debug_loc     0x0000dd76      0x712 ./SDK/platform/drivers/src/lpuart/lpuart_hw_access.o
 .debug_loc     0x0000e488      0x77f ./SDK/platform/drivers/src/pins/pins_driver.o
 .debug_loc     0x0000ec07      0x56a ./SDK/platform/drivers/src/pins/pins_port_hw_access.o
 .debug_loc     0x0000f171     0x108a ./SDK/platform/pal/src/i2c/i2c_pal.o
 .debug_loc     0x000101fb      0x275 ./SDK/rtos/osif/osif_baremetal.o
 .debug_loc     0x00010470       0xc5 ./Sources/delay.o
 .debug_loc     0x00010535       0x3a ./Sources/key.o
 .debug_loc     0x0001056f       0x52 ./Sources/main.o
 .debug_loc     0x000105c1      0xc73 ./Sources/oled.o

.debug_ranges   0x00000000      0xfc8
 .debug_ranges  0x00000000       0x20 ./SDK/platform/devices/S32K144/startup/system_S32K144.o
 .debug_ranges  0x00000020       0x10 ./SDK/platform/devices/startup.o
 .debug_ranges  0x00000030      0x388 ./SDK/platform/drivers/src/clock/S32K1xx/clock_S32K1xx.o
 .debug_ranges  0x000003b8      0x158 ./SDK/platform/drivers/src/edma/edma_driver.o
 .debug_ranges  0x00000510       0x90 ./SDK/platform/drivers/src/edma/edma_hw_access.o
 .debug_ranges  0x000005a0       0x90 ./SDK/platform/drivers/src/edma/edma_irq.o
 .debug_ranges  0x00000630       0x98 ./SDK/platform/drivers/src/interrupt/interrupt_manager.o
 .debug_ranges  0x000006c8      0x310 ./SDK/platform/drivers/src/lpi2c/lpi2c_driver.o
 .debug_ranges  0x000009d8       0x10 ./SDK/platform/drivers/src/lpi2c/lpi2c_hw_access.o
 .debug_ranges  0x000009e8       0x18 ./SDK/platform/drivers/src/lpi2c/lpi2c_irq.o
 .debug_ranges  0x00000a00      0x150 ./SDK/platform/drivers/src/lpuart/lpuart_driver.o
 .debug_ranges  0x00000b50       0x68 ./SDK/platform/drivers/src/lpuart/lpuart_hw_access.o
 .debug_ranges  0x00000bb8       0x20 ./SDK/platform/drivers/src/lpuart/lpuart_irq.o
 .debug_ranges  0x00000bd8       0xd0 ./SDK/platform/drivers/src/pins/pins_driver.o
 .debug_ranges  0x00000ca8       0x30 ./SDK/platform/drivers/src/pins/pins_port_hw_access.o
 .debug_ranges  0x00000cd8      0x150 ./SDK/platform/pal/src/i2c/i2c_pal.o
 .debug_ranges  0x00000e28       0x90 ./SDK/rtos/osif/osif_baremetal.o
 .debug_ranges  0x00000eb8       0x38 ./Sources/delay.o
 .debug_ranges  0x00000ef0       0x10 ./Sources/key.o
 .debug_ranges  0x00000f00       0x10 ./Sources/main.o
 .debug_ranges  0x00000f10       0xa8 ./Sources/oled.o
 .debug_ranges  0x00000fb8       0x10 ./Sources/uart.o

.debug_frame    0x00000000     0x2148
 .debug_frame   0x00000000       0x40 ./SDK/platform/devices/S32K144/startup/system_S32K144.o
 .debug_frame   0x00000040       0x2c ./SDK/platform/devices/startup.o
 .debug_frame   0x0000006c      0x37c ./SDK/platform/drivers/src/clock/S32K1xx/clock_S32K1xx.o
 .debug_frame   0x000003e8      0x388 ./SDK/platform/drivers/src/edma/edma_driver.o
 .debug_frame   0x00000770      0x144 ./SDK/platform/drivers/src/edma/edma_hw_access.o
 .debug_frame   0x000008b4      0x1ac ./SDK/platform/drivers/src/edma/edma_irq.o
 .debug_frame   0x00000a60       0xd8 ./SDK/platform/drivers/src/interrupt/interrupt_manager.o
 .debug_frame   0x00000b38      0x410 ./SDK/platform/drivers/src/lpi2c/lpi2c_driver.o
 .debug_frame   0x00000f48       0x20 ./SDK/platform/drivers/src/lpi2c/lpi2c_hw_access.o
 .debug_frame   0x00000f68       0x40 ./SDK/platform/drivers/src/lpi2c/lpi2c_irq.o
 .debug_frame   0x00000fa8      0x394 ./SDK/platform/drivers/src/lpuart/lpuart_driver.o
 .debug_frame   0x0000133c       0xf4 ./SDK/platform/drivers/src/lpuart/lpuart_hw_access.o
 .debug_frame   0x00001430       0x58 ./SDK/platform/drivers/src/lpuart/lpuart_irq.o
 .debug_frame   0x00001488      0x1e4 ./SDK/platform/drivers/src/pins/pins_driver.o
 .debug_frame   0x0000166c       0x98 ./SDK/platform/drivers/src/pins/pins_port_hw_access.o
 .debug_frame   0x00001704      0x254 ./SDK/platform/pal/src/i2c/i2c_pal.o
 .debug_frame   0x00001958       0xf8 ./SDK/rtos/osif/osif_baremetal.o
 .debug_frame   0x00001a50       0xa0 ./Sources/delay.o
 .debug_frame   0x00001af0       0x28 ./Sources/key.o
 .debug_frame   0x00001b18       0x30 ./Sources/main.o
 .debug_frame   0x00001b48      0x2a4 ./Sources/oled.o
 .debug_frame   0x00001dec       0x44 ./Sources/uart.o
 .debug_frame   0x00001e30       0x40 C:/My Work Software/S32DS/build_tools/gcc_v6.3/gcc-6.3-arm32-eabi/arm-none-eabi/newlib/lib/thumb/v7e-m/fpv4-sp/hard\libc_nano.a(lib_a-vsprintf.o)
 .debug_frame   0x00001e70       0x90 C:/My Work Software/S32DS/build_tools/gcc_v6.3/gcc-6.3-arm32-eabi/arm-none-eabi/newlib/lib/thumb/v7e-m/fpv4-sp/hard\libc_nano.a(lib_a-nano-svfprintf.o)
 .debug_frame   0x00001f00       0x60 C:/My Work Software/S32DS/build_tools/gcc_v6.3/gcc-6.3-arm32-eabi/arm-none-eabi/newlib/lib/thumb/v7e-m/fpv4-sp/hard\libc_nano.a(lib_a-nano-vfprintf_i.o)
 .debug_frame   0x00001f60       0x28 C:/My Work Software/S32DS/build_tools/gcc_v6.3/gcc-6.3-arm32-eabi/arm-none-eabi/newlib/lib/thumb/v7e-m/fpv4-sp/hard\libc_nano.a(lib_a-memcpy-stub.o)
 .debug_frame   0x00001f88       0x28 C:/My Work Software/S32DS/build_tools/gcc_v6.3/gcc-6.3-arm32-eabi/arm-none-eabi/newlib/lib/thumb/v7e-m/fpv4-sp/hard\libc_nano.a(lib_a-memmove.o)
 .debug_frame   0x00001fb0       0x38 C:/My Work Software/S32DS/build_tools/gcc_v6.3/gcc-6.3-arm32-eabi/arm-none-eabi/newlib/lib/thumb/v7e-m/fpv4-sp/hard\libc_nano.a(lib_a-nano-freer.o)
 .debug_frame   0x00001fe8       0x2c C:/My Work Software/S32DS/build_tools/gcc_v6.3/gcc-6.3-arm32-eabi/arm-none-eabi/newlib/lib/thumb/v7e-m/fpv4-sp/hard\libc_nano.a(lib_a-nano-mallocr.o)
 .debug_frame   0x00002014       0x3c C:/My Work Software/S32DS/build_tools/gcc_v6.3/gcc-6.3-arm32-eabi/arm-none-eabi/newlib/lib/thumb/v7e-m/fpv4-sp/hard\libc_nano.a(lib_a-nano-reallocr.o)
 .debug_frame   0x00002050       0x2c C:/My Work Software/S32DS/build_tools/gcc_v6.3/gcc-6.3-arm32-eabi/arm-none-eabi/newlib/lib/thumb/v7e-m/fpv4-sp/hard\libc_nano.a(lib_a-sbrkr.o)
 .debug_frame   0x0000207c       0x30 C:/My Work Software/S32DS/build_tools/gcc_v6.3/gcc-6.3-arm32-eabi/arm-none-eabi/newlib/lib/thumb/v7e-m/fpv4-sp/hard\libc_nano.a(lib_a-mlock.o)
 .debug_frame   0x000020ac       0x20 C:/My Work Software/S32DS/build_tools/gcc_v6.3/gcc-6.3-arm32-eabi/arm-none-eabi/newlib/lib/thumb/v7e-m/fpv4-sp/hard\libc_nano.a(lib_a-nano-msizer.o)
 .debug_frame   0x000020cc       0x5c C:/My Work Software/S32DS/build_tools/gcc_v6.3/gcc-6.3-arm32-eabi/arm-none-eabi/newlib/lib/thumb/v7e-m/fpv4-sp/hard\libc_nano.a(lib_a-reent.o)
 .debug_frame   0x00002128       0x20 C:/My Work Software/S32DS/build_tools/gcc_v6.3/gcc-6.3-arm32-eabi/arm-none-eabi/newlib/lib/thumb/v7e-m/fpv4-sp/hard\libnosys.a(sbrk.o)
